Archive member included to satisfy reference by file (symbol)

c:/users/user/appdata/roaming/xpacks/@xpack-dev-tools/arm-none-eabi-gcc/12.2.1-1.2.1/.content/bin/../lib/gcc/arm-none-eabi/12.2.1/thumb/v7e-m+fp/softfp\libgcc.a(_aeabi_uldivmod.o)
                              system\src\stm32f4-hal\stm32f4xx_hal_rcc.o (__aeabi_uldivmod)
c:/users/user/appdata/roaming/xpacks/@xpack-dev-tools/arm-none-eabi-gcc/12.2.1-1.2.1/.content/bin/../lib/gcc/arm-none-eabi/12.2.1/thumb/v7e-m+fp/softfp\libgcc.a(_udivmoddi4.o)
                              c:/users/user/appdata/roaming/xpacks/@xpack-dev-tools/arm-none-eabi-gcc/12.2.1-1.2.1/.content/bin/../lib/gcc/arm-none-eabi/12.2.1/thumb/v7e-m+fp/softfp\libgcc.a(_aeabi_uldivmod.o) (__udivmoddi4)
c:/users/user/appdata/roaming/xpacks/@xpack-dev-tools/arm-none-eabi-gcc/12.2.1-1.2.1/.content/bin/../lib/gcc/arm-none-eabi/12.2.1/thumb/v7e-m+fp/softfp\libgcc.a(_dvmd_tls.o)
                              c:/users/user/appdata/roaming/xpacks/@xpack-dev-tools/arm-none-eabi-gcc/12.2.1-1.2.1/.content/bin/../lib/gcc/arm-none-eabi/12.2.1/thumb/v7e-m+fp/softfp\libgcc.a(_aeabi_uldivmod.o) (__aeabi_ldiv0)
c:/users/user/appdata/roaming/xpacks/@xpack-dev-tools/arm-none-eabi-gcc/12.2.1-1.2.1/.content/bin/../lib/gcc/arm-none-eabi/12.2.1/../../../../arm-none-eabi/lib/thumb/v7e-m+fp/softfp\libg_nano.a(libc_a-rand.o)
                              src\main.o (rand)
c:/users/user/appdata/roaming/xpacks/@xpack-dev-tools/arm-none-eabi-gcc/12.2.1-1.2.1/.content/bin/../lib/gcc/arm-none-eabi/12.2.1/../../../../arm-none-eabi/lib/thumb/v7e-m+fp/softfp\libg_nano.a(libc_a-ctype_.o)
                              system\src\newlib\syscalls.o (_ctype_)
c:/users/user/appdata/roaming/xpacks/@xpack-dev-tools/arm-none-eabi-gcc/12.2.1-1.2.1/.content/bin/../lib/gcc/arm-none-eabi/12.2.1/../../../../arm-none-eabi/lib/thumb/v7e-m+fp/softfp\libg_nano.a(libc_a-findfp.o)
                              system\src\newlib\syscalls.o (__sinit)
c:/users/user/appdata/roaming/xpacks/@xpack-dev-tools/arm-none-eabi-gcc/12.2.1-1.2.1/.content/bin/../lib/gcc/arm-none-eabi/12.2.1/../../../../arm-none-eabi/lib/thumb/v7e-m+fp/softfp\libg_nano.a(libc_a-fwalk.o)
                              c:/users/user/appdata/roaming/xpacks/@xpack-dev-tools/arm-none-eabi-gcc/12.2.1-1.2.1/.content/bin/../lib/gcc/arm-none-eabi/12.2.1/../../../../arm-none-eabi/lib/thumb/v7e-m+fp/softfp\libg_nano.a(libc_a-findfp.o) (_fwalk_sglue)
c:/users/user/appdata/roaming/xpacks/@xpack-dev-tools/arm-none-eabi-gcc/12.2.1-1.2.1/.content/bin/../lib/gcc/arm-none-eabi/12.2.1/../../../../arm-none-eabi/lib/thumb/v7e-m+fp/softfp\libg_nano.a(libc_a-printf.o)
                              src\main.o (printf)
c:/users/user/appdata/roaming/xpacks/@xpack-dev-tools/arm-none-eabi-gcc/12.2.1-1.2.1/.content/bin/../lib/gcc/arm-none-eabi/12.2.1/../../../../arm-none-eabi/lib/thumb/v7e-m+fp/softfp\libg_nano.a(libc_a-puts.o)
                              src\main.o (puts)
c:/users/user/appdata/roaming/xpacks/@xpack-dev-tools/arm-none-eabi-gcc/12.2.1-1.2.1/.content/bin/../lib/gcc/arm-none-eabi/12.2.1/../../../../arm-none-eabi/lib/thumb/v7e-m+fp/softfp\libg_nano.a(libc_a-sprintf.o)
                              src\main.o (sprintf)
c:/users/user/appdata/roaming/xpacks/@xpack-dev-tools/arm-none-eabi-gcc/12.2.1-1.2.1/.content/bin/../lib/gcc/arm-none-eabi/12.2.1/../../../../arm-none-eabi/lib/thumb/v7e-m+fp/softfp\libg_nano.a(libc_a-stdio.o)
                              c:/users/user/appdata/roaming/xpacks/@xpack-dev-tools/arm-none-eabi-gcc/12.2.1-1.2.1/.content/bin/../lib/gcc/arm-none-eabi/12.2.1/../../../../arm-none-eabi/lib/thumb/v7e-m+fp/softfp\libg_nano.a(libc_a-findfp.o) (__sread)
c:/users/user/appdata/roaming/xpacks/@xpack-dev-tools/arm-none-eabi-gcc/12.2.1-1.2.1/.content/bin/../lib/gcc/arm-none-eabi/12.2.1/../../../../arm-none-eabi/lib/thumb/v7e-m+fp/softfp\libg_nano.a(libc_a-vsnprintf.o)
                              system\src\diag\trace.o (vsnprintf)
c:/users/user/appdata/roaming/xpacks/@xpack-dev-tools/arm-none-eabi-gcc/12.2.1-1.2.1/.content/bin/../lib/gcc/arm-none-eabi/12.2.1/../../../../arm-none-eabi/lib/thumb/v7e-m+fp/softfp\libg_nano.a(libc_a-wbuf.o)
                              c:/users/user/appdata/roaming/xpacks/@xpack-dev-tools/arm-none-eabi-gcc/12.2.1-1.2.1/.content/bin/../lib/gcc/arm-none-eabi/12.2.1/../../../../arm-none-eabi/lib/thumb/v7e-m+fp/softfp\libg_nano.a(libc_a-puts.o) (__swbuf_r)
c:/users/user/appdata/roaming/xpacks/@xpack-dev-tools/arm-none-eabi-gcc/12.2.1-1.2.1/.content/bin/../lib/gcc/arm-none-eabi/12.2.1/../../../../arm-none-eabi/lib/thumb/v7e-m+fp/softfp\libg_nano.a(libc_a-wsetup.o)
                              c:/users/user/appdata/roaming/xpacks/@xpack-dev-tools/arm-none-eabi-gcc/12.2.1-1.2.1/.content/bin/../lib/gcc/arm-none-eabi/12.2.1/../../../../arm-none-eabi/lib/thumb/v7e-m+fp/softfp\libg_nano.a(libc_a-puts.o) (__swsetup_r)
[...]
Memory Configuration

Name             Origin             Length             Attributes
RAM              0x0000000020000000 0x0000000000020000 xrw
CCMRAM           0x0000000010000000 0x0000000000010000 xrw
FLASH            0x0000000008000000 0x0000000000100000 xr
FLASHB1          0x0000000000000000 0x0000000000000000 xr
EXTMEMB0         0x0000000000000000 0x0000000000000000 xr
EXTMEMB1         0x0000000000000000 0x0000000000000000 xr
EXTMEMB2         0x0000000000000000 0x0000000000000000 xr
EXTMEMB3         0x0000000000000000 0x0000000000000000 xr
MEMORY_ARRAY     0x0000000020002000 0x0000000000000020 xrw
*default*        0x0000000000000000 0xffffffffffffffff

Linker script and memory map

LOAD FreeRTOS Source\croutine.o
LOAD FreeRTOS Source\event_groups.o
LOAD FreeRTOS Source\list.o
LOAD FreeRTOS Source\portable\GCC\ARM_CM4F\port.o
LOAD FreeRTOS Source\portable\MemMang\heap_4.o
LOAD FreeRTOS Source\queue.o
LOAD FreeRTOS Source\tasks.o
LOAD FreeRTOS Source\timers.o
LOAD src\initialize-hardware.o
LOAD src\led.o
LOAD src\main.o
LOAD src\stm32f4xx_hal_msp.o
LOAD src\write.o
LOAD system\src\cmsis\system_stm32f4xx.o
LOAD system\src\cmsis\vectors_stm32f407xx.o
LOAD system\src\cortexm\exception-handlers.o
LOAD system\src\cortexm\initialize-hardware.o
LOAD system\src\cortexm\reset-hardware.o
LOAD system\src\diag\trace-impl.o
LOAD system\src\diag\trace.o
LOAD system\src\newlib\assert.o
LOAD system\src\newlib\cxx.o
LOAD system\src\newlib\exit.o
LOAD system\src\newlib\sbrk.o
LOAD system\src\newlib\startup.o
LOAD system\src\newlib\syscalls.o
LOAD system\src\stm32f4-hal\stm32f4xx_hal.o
LOAD system\src\stm32f4-hal\stm32f4xx_hal_cortex.o
LOAD system\src\stm32f4-hal\stm32f4xx_hal_flash.o
LOAD system\src\stm32f4-hal\stm32f4xx_hal_flash_ex.o
LOAD system\src\stm32f4-hal\stm32f4xx_hal_flash_ramfunc.o
LOAD system\src\stm32f4-hal\stm32f4xx_hal_gpio.o
LOAD system\src\stm32f4-hal\stm32f4xx_hal_iwdg.o
LOAD system\src\stm32f4-hal\stm32f4xx_hal_pwr.o
LOAD system\src\stm32f4-hal\stm32f4xx_hal_rcc.o
LOAD c:/users/user/appdata/roaming/xpacks/@xpack-dev-tools/arm-none-eabi-gcc/12.2.1-1.2.1/.content/bin/../lib/gcc/arm-none-eabi/12.2.1/../../../../arm-none-eabi/lib/thumb/v7e-m+fp/softfp\libstdc++_nano.a
LOAD c:/users/user/appdata/roaming/xpacks/@xpack-dev-tools/arm-none-eabi-gcc/12.2.1-1.2.1/.content/bin/../lib/gcc/arm-none-eabi/12.2.1/../../../../arm-none-eabi/lib/thumb/v7e-m+fp/softfp\libm.a
START GROUP
LOAD c:/users/user/appdata/roaming/xpacks/@xpack-dev-tools/arm-none-eabi-gcc/12.2.1-1.2.1/.content/bin/../lib/gcc/arm-none-eabi/12.2.1/thumb/v7e-m+fp/softfp\libgcc.a
LOAD c:/users/user/appdata/roaming/xpacks/@xpack-dev-tools/arm-none-eabi-gcc/12.2.1-1.2.1/.content/bin/../lib/gcc/arm-none-eabi/12.2.1/../../../../arm-none-eabi/lib/thumb/v7e-m+fp/softfp\libg_nano.a
LOAD c:/users/user/appdata/roaming/xpacks/@xpack-dev-tools/arm-none-eabi-gcc/12.2.1-1.2.1/.content/bin/../lib/gcc/arm-none-eabi/12.2.1/../../../../arm-none-eabi/lib/thumb/v7e-m+fp/softfp\libc_nano.a
END GROUP
START GROUP
LOAD c:/users/user/appdata/roaming/xpacks/@xpack-dev-tools/arm-none-eabi-gcc/12.2.1-1.2.1/.content/bin/../lib/gcc/arm-none-eabi/12.2.1/thumb/v7e-m+fp/softfp\libgcc.a
LOAD c:/users/user/appdata/roaming/xpacks/@xpack-dev-tools/arm-none-eabi-gcc/12.2.1-1.2.1/.content/bin/../lib/gcc/arm-none-eabi/12.2.1/../../../../arm-none-eabi/lib/thumb/v7e-m+fp/softfp\libc_nano.a
END GROUP
                0x0000000020020000                __stack = (ORIGIN (RAM) + LENGTH (RAM))
                0x0000000020020000                _estack = __stack
                0x0000000000000400                __Main_Stack_Size = 0x400
                [!provide]                        PROVIDE (_Main_Stack_Size = __Main_Stack_Size)
                0x000000002001fc00                __Main_Stack_Limit = (__stack - __Main_Stack_Size)
                [!provide]                        PROVIDE (_Main_Stack_Limit = __Main_Stack_Limit)
                0x0000000000000100                _Minimum_Stack_Size = 0x100
                0x00000000200131a4                PROVIDE (_Heap_Begin = _end_noinit)
                0x000000002001fc00                PROVIDE (_Heap_Limit = (__stack - __Main_Stack_Size))

.isr_vector     0x0000000008000000      0x3e8
 FILL mask 0xff
                0x0000000008000000                __vectors_start = ABSOLUTE (.)
                0x0000000008000000                __vectors_start__ = ABSOLUTE (.)
 *(.isr_vector)
 .isr_vector    0x0000000008000000      0x188 system\src\cmsis\vectors_stm32f407xx.o
                0x0000000008000000                __isr_vectors
 *(.cfmconfig)
 *(.after_vectors .after_vectors.*)
 .after_vectors
                0x0000000008000188        0x4 system\src\cmsis\vectors_stm32f407xx.o
                0x0000000008000188                RTC_Alarm_IRQHandler
                0x0000000008000188                HASH_RNG_IRQHandler
                0x0000000008000188                EXTI2_IRQHandler
                0x0000000008000188                TIM8_CC_IRQHandler
                0x0000000008000188                TIM1_CC_IRQHandler
                0x0000000008000188                DMA2_Stream5_IRQHandler
                0x0000000008000188                DMA1_Stream5_IRQHandler
                0x0000000008000188                PVD_IRQHandler
                0x0000000008000188                SDIO_IRQHandler
                0x0000000008000188                TAMP_STAMP_IRQHandler
                0x0000000008000188                CAN2_RX1_IRQHandler
                0x0000000008000188                EXTI3_IRQHandler
                0x0000000008000188                TIM8_TRG_COM_TIM14_IRQHandler
                0x0000000008000188                TIM1_UP_TIM10_IRQHandler
                0x0000000008000188                TIM8_UP_TIM13_IRQHandler
                0x0000000008000188                I2C3_ER_IRQHandler
                0x0000000008000188                EXTI0_IRQHandler
                0x0000000008000188                I2C2_EV_IRQHandler
                0x0000000008000188                DMA1_Stream2_IRQHandler
                0x0000000008000188                CAN1_RX0_IRQHandler
                0x0000000008000188                FPU_IRQHandler
                0x0000000008000188                OTG_HS_WKUP_IRQHandler
                0x0000000008000188                CAN2_SCE_IRQHandler
                0x0000000008000188                DMA2_Stream2_IRQHandler
                0x0000000008000188                SPI1_IRQHandler
                0x0000000008000188                TIM6_DAC_IRQHandler
                0x0000000008000188                TIM1_BRK_TIM9_IRQHandler
                0x0000000008000188                DCMI_IRQHandler
                0x0000000008000188                CAN2_RX0_IRQHandler
                0x0000000008000188                DMA2_Stream3_IRQHandler
                0x0000000008000188                USART6_IRQHandler
                0x0000000008000188                USART3_IRQHandler
                0x0000000008000188                CAN1_RX1_IRQHandler
                0x0000000008000188                UART5_IRQHandler
                0x0000000008000188                DMA2_Stream0_IRQHandler
                0x0000000008000188                TIM4_IRQHandler
                0x0000000008000188                I2C1_EV_IRQHandler
                0x0000000008000188                DMA1_Stream6_IRQHandler
                0x0000000008000188                DMA1_Stream1_IRQHandler
                0x0000000008000188                UART4_IRQHandler
                0x0000000008000188                TIM3_IRQHandler
                0x0000000008000188                RCC_IRQHandler
                0x0000000008000188                TIM8_BRK_TIM12_IRQHandler
                0x0000000008000188                Default_Handler
                0x0000000008000188                EXTI15_10_IRQHandler
                0x0000000008000188                ADC_IRQHandler
                0x0000000008000188                DMA1_Stream7_IRQHandler
                0x0000000008000188                TIM7_IRQHandler
                0x0000000008000188                CAN2_TX_IRQHandler
                0x0000000008000188                TIM5_IRQHandler
                0x0000000008000188                DMA2_Stream7_IRQHandler
                0x0000000008000188                I2C3_EV_IRQHandler
                0x0000000008000188                EXTI9_5_IRQHandler
                0x0000000008000188                RTC_WKUP_IRQHandler
                0x0000000008000188                ETH_WKUP_IRQHandler
                0x0000000008000188                SPI2_IRQHandler
                0x0000000008000188                OTG_HS_EP1_IN_IRQHandler
                0x0000000008000188                DMA1_Stream0_IRQHandler
                0x0000000008000188                CAN1_TX_IRQHandler
                0x0000000008000188                EXTI4_IRQHandler
                0x0000000008000188                ETH_IRQHandler
                0x0000000008000188                OTG_HS_EP1_OUT_IRQHandler
                0x0000000008000188                WWDG_IRQHandler
                0x0000000008000188                TIM2_IRQHandler
                0x0000000008000188                OTG_FS_WKUP_IRQHandler
                0x0000000008000188                TIM1_TRG_COM_TIM11_IRQHandler
                0x0000000008000188                OTG_HS_IRQHandler
                0x0000000008000188                EXTI1_IRQHandler
                0x0000000008000188                USART2_IRQHandler
                0x0000000008000188                I2C2_ER_IRQHandler
                0x0000000008000188                DMA2_Stream1_IRQHandler
                0x0000000008000188                CAN1_SCE_IRQHandler
                0x0000000008000188                FLASH_IRQHandler
                0x0000000008000188                DMA2_Stream4_IRQHandler
                0x0000000008000188                USART1_IRQHandler
                0x0000000008000188                OTG_FS_IRQHandler
                0x0000000008000188                SPI3_IRQHandler
                0x0000000008000188                DMA1_Stream4_IRQHandler
                0x0000000008000188                I2C1_ER_IRQHandler
                0x0000000008000188                FMC_IRQHandler
                0x0000000008000188                DMA2_Stream6_IRQHandler
                0x0000000008000188                DMA1_Stream3_IRQHandler
 .after_vectors
                0x000000000800018c      0x12c system\src\cortexm\exception-handlers.o
                0x000000000800018c                Reset_Handler
                0x0000000008000192                NMI_Handler
                0x0000000008000196                HardFault_Handler
                0x00000000080001aa                HardFault_Handler_C
                0x0000000008000208                MemManage_Handler
                0x000000000800020c                BusFault_Handler
                0x0000000008000220                BusFault_Handler_C
                0x0000000008000254                UsageFault_Handler
                0x0000000008000268                UsageFault_Handler_C
                0x00000000080002a0                DebugMon_Handler
 .after_vectors
                0x00000000080002b8      0x130 system\src\newlib\startup.o
                0x00000000080002b8                _start

.inits          0x00000000080003e8       0x28
                0x00000000080003e8                __data_regions_array_start = .
                0x00000000080003e8        0x4 LONG 0x8005740 LOADADDR (.data)
                0x00000000080003ec        0x4 LONG 0x20000000 ADDR (.data)
                0x00000000080003f0        0x4 LONG 0x200000ac (ADDR (.data) + SIZEOF (.data))
                0x00000000080003f4        0x4 LONG 0x8005740 LOADADDR (.data_CCMRAM)
                0x00000000080003f8        0x4 LONG 0x10000000 ADDR (.data_CCMRAM)
                0x00000000080003fc        0x4 LONG 0x10000000 (ADDR (.data_CCMRAM) + SIZEOF (.data_CCMRAM))
                0x0000000008000400                __data_regions_array_end = .
                0x0000000008000400                __bss_regions_array_start = .
                0x0000000008000400        0x4 LONG 0x200000ac ADDR (.bss)
                0x0000000008000404        0x4 LONG 0x200131a4 (ADDR (.bss) + SIZEOF (.bss))
                0x0000000008000408        0x4 LONG 0x10000000 ADDR (.bss_CCMRAM)
                0x000000000800040c        0x4 LONG 0x10000000 (ADDR (.bss_CCMRAM) + SIZEOF (.bss_CCMRAM))
                0x0000000008000410                __bss_regions_array_end = .
 *(.init)
 *(.fini)
                0x0000000008000410                . = ALIGN (0x4)
                0x0000000008000410                PROVIDE (__preinit_array_start = .)
 *(.preinit_array_sysinit .preinit_array_sysinit.*)
 *(.preinit_array_platform .preinit_array_platform.*)
 *(.preinit_array .preinit_array.*)
                0x0000000008000410                PROVIDE (__preinit_array_end = .)
                0x0000000008000410                . = ALIGN (0x4)
                0x0000000008000410                PROVIDE (__init_array_start = .)
 *(SORT_BY_NAME(.init_array.*))
 *(.init_array)
                0x0000000008000410                PROVIDE (__init_array_end = .)
                0x0000000008000410                . = ALIGN (0x4)
                0x0000000008000410                PROVIDE (__fini_array_start = .)
 *(SORT_BY_NAME(.fini_array.*))
 *(.fini_array)
                0x0000000008000410                PROVIDE (__fini_array_end = .)

.flashtext
 *(.flashtext .flashtext.*)

.text           0x0000000008000410     0x5326
 *(.text .text.*)
 .text.vListInitialise
                0x0000000008000410       0x16 FreeRTOS Source\list.o
                0x0000000008000410                vListInitialise
 .text.vListInitialiseItem
                0x0000000008000426        0x6 FreeRTOS Source\list.o
                0x0000000008000426                vListInitialiseItem
 .text.vListInsertEnd
                0x000000000800042c       0x16 FreeRTOS Source\list.o
                0x000000000800042c                vListInsertEnd
 .text.vListInsert
                0x0000000008000442       0x32 FreeRTOS Source\list.o
                0x0000000008000442                vListInsert
 .text.uxListRemove
                0x0000000008000474       0x24 FreeRTOS Source\list.o
                0x0000000008000474                uxListRemove
 .text.prvTaskExitError
                0x0000000008000498       0x34 FreeRTOS Source\portable\GCC\ARM_CM4F\port.o
 .text.prvPortStartFirstTask
                0x00000000080004cc       0x20 FreeRTOS Source\portable\GCC\ARM_CM4F\port.o
 .text.pxPortInitialiseStack
                0x00000000080004ec       0x2c FreeRTOS Source\portable\GCC\ARM_CM4F\port.o
                0x00000000080004ec                pxPortInitialiseStack
 *fill*         0x0000000008000518        0x8 
 .text.SVC_Handler
                0x0000000008000520       0x24 FreeRTOS Source\portable\GCC\ARM_CM4F\port.o
                0x0000000008000520                SVC_Handler
 .text.vPortEndScheduler
                0x0000000008000544       0x24 FreeRTOS Source\portable\GCC\ARM_CM4F\port.o
                0x0000000008000544                vPortEndScheduler
 .text.vPortEnterCritical
                0x0000000008000568       0x44 FreeRTOS Source\portable\GCC\ARM_CM4F\port.o
                0x0000000008000568                vPortEnterCritical
 .text.vPortExitCritical
                0x00000000080005ac       0x2c FreeRTOS Source\portable\GCC\ARM_CM4F\port.o
                0x00000000080005ac                vPortExitCritical
 *fill*         0x00000000080005d8        0x8 
 .text.PendSV_Handler
                0x00000000080005e0       0x64 FreeRTOS Source\portable\GCC\ARM_CM4F\port.o
                0x00000000080005e0                PendSV_Handler
 .text.SysTick_Handler
                0x0000000008000644       0x2c FreeRTOS Source\portable\GCC\ARM_CM4F\port.o
                0x0000000008000644                SysTick_Handler
 .text.vPortSetupTimerInterrupt
                0x0000000008000670       0x24 FreeRTOS Source\portable\GCC\ARM_CM4F\port.o
                0x0000000008000670                vPortSetupTimerInterrupt
 .text.xPortStartScheduler
                0x0000000008000694       0xf4 FreeRTOS Source\portable\GCC\ARM_CM4F\port.o
                0x0000000008000694                xPortStartScheduler
 .text.vPortValidateInterruptPriority
                0x0000000008000788       0x5c FreeRTOS Source\portable\GCC\ARM_CM4F\port.o
                0x0000000008000788                vPortValidateInterruptPriority
 .text.prvHeapInit
                0x00000000080007e4       0x64 FreeRTOS Source\portable\MemMang\heap_4.o
 .text.prvInsertBlockIntoFreeList
                0x0000000008000848       0x64 FreeRTOS Source\portable\MemMang\heap_4.o
 .text.pvPortMalloc
                0x00000000080008ac      0x10c FreeRTOS Source\portable\MemMang\heap_4.o
                0x00000000080008ac                pvPortMalloc
 .text.vPortFree
                0x00000000080009b8       0x70 FreeRTOS Source\portable\MemMang\heap_4.o
                0x00000000080009b8                vPortFree
 .text.xPortGetFreeHeapSize
                0x0000000008000a28        0xc FreeRTOS Source\portable\MemMang\heap_4.o
                0x0000000008000a28                xPortGetFreeHeapSize
 .text.prvIsQueueFull
                0x0000000008000a34       0x1e FreeRTOS Source\queue.o
 .text.prvIsQueueEmpty
                0x0000000008000a52       0x1a FreeRTOS Source\queue.o
 .text.prvCopyDataToQueue
                0x0000000008000a6c       0x76 FreeRTOS Source\queue.o
 .text.prvCopyDataFromQueue
                0x0000000008000ae2       0x24 FreeRTOS Source\queue.o
 .text.prvUnlockQueue
                0x0000000008000b06       0x6e FreeRTOS Source\queue.o
 .text.xQueueGenericReset
                0x0000000008000b74       0x84 FreeRTOS Source\queue.o
                0x0000000008000b74                xQueueGenericReset
 .text.prvInitialiseNewQueue
                0x0000000008000bf8       0x22 FreeRTOS Source\queue.o
 .text.xQueueGenericCreate
                0x0000000008000c1a       0x48 FreeRTOS Source\queue.o
                0x0000000008000c1a                xQueueGenericCreate
 .text.xQueueGenericSend
                0x0000000008000c62      0x188 FreeRTOS Source\queue.o
                0x0000000008000c62                xQueueGenericSend
 .text.xQueueGenericSendFromISR
                0x0000000008000dea       0xcc FreeRTOS Source\queue.o
                0x0000000008000dea                xQueueGenericSendFromISR
 .text.xQueueGenericReceive
                0x0000000008000eb6      0x1ba FreeRTOS Source\queue.o
                0x0000000008000eb6                xQueueGenericReceive
 .text.vQueueAddToRegistry
                0x0000000008001070       0x28 FreeRTOS Source\queue.o
                0x0000000008001070                vQueueAddToRegistry
 .text.vQueueWaitForMessageRestricted
                0x0000000008001098       0x52 FreeRTOS Source\queue.o
                0x0000000008001098                vQueueWaitForMessageRestricted
 *fill*         0x00000000080010ea        0x2 
 .text.prvResetNextTaskUnblockTime
                0x00000000080010ec       0x2c FreeRTOS Source\tasks.o
 .text.prvDeleteTCB
                0x0000000008001118       0x12 FreeRTOS Source\tasks.o
 .text.prvInitialiseNewTask
                0x000000000800112a       0x98 FreeRTOS Source\tasks.o
 *fill*         0x00000000080011c2        0x2 
 .text.prvInitialiseTaskLists
                0x00000000080011c4       0x68 FreeRTOS Source\tasks.o
 .text.prvAddNewTaskToReadyList
                0x000000000800122c       0xac FreeRTOS Source\tasks.o
 .text.prvAddCurrentTaskToDelayedList
                0x00000000080012d8       0x98 FreeRTOS Source\tasks.o
 .text.xTaskCreate
                0x0000000008001370       0x60 FreeRTOS Source\tasks.o
                0x0000000008001370                xTaskCreate
 .text.vTaskStartScheduler
                0x00000000080013d0       0x84 FreeRTOS Source\tasks.o
                0x00000000080013d0                vTaskStartScheduler
 .text.vTaskEndScheduler
                0x0000000008001454       0x24 FreeRTOS Source\tasks.o
                0x0000000008001454                vTaskEndScheduler
 .text.vTaskSuspendAll
                0x0000000008001478       0x10 FreeRTOS Source\tasks.o
                0x0000000008001478                vTaskSuspendAll
 .text.xTaskGetTickCount
                0x0000000008001488        0xc FreeRTOS Source\tasks.o
                0x0000000008001488                xTaskGetTickCount
 .text.xTaskIncrementTick
                0x0000000008001494      0x128 FreeRTOS Source\tasks.o
                0x0000000008001494                xTaskIncrementTick
 .text.xTaskResumeAll
                0x00000000080015bc       0xf8 FreeRTOS Source\tasks.o
                0x00000000080015bc                xTaskResumeAll
 .text.prvCheckTasksWaitingTermination
                0x00000000080016b4       0x5c FreeRTOS Source\tasks.o
 .text.prvIdleTask
                0x0000000008001710       0x30 FreeRTOS Source\tasks.o
 .text.vTaskSwitchContext
                0x0000000008001740       0xcc FreeRTOS Source\tasks.o
                0x0000000008001740                vTaskSwitchContext
 .text.vTaskPlaceOnEventList
                0x000000000800180c       0x30 FreeRTOS Source\tasks.o
                0x000000000800180c                vTaskPlaceOnEventList
 .text.vTaskPlaceOnEventListRestricted
                0x000000000800183c       0x38 FreeRTOS Source\tasks.o
                0x000000000800183c                vTaskPlaceOnEventListRestricted
 .text.xTaskRemoveFromEventList
                0x0000000008001874       0x8c FreeRTOS Source\tasks.o
                0x0000000008001874                xTaskRemoveFromEventList
 .text.vTaskSetTimeOutState
                0x0000000008001900       0x2c FreeRTOS Source\tasks.o
                0x0000000008001900                vTaskSetTimeOutState
 .text.xTaskCheckForTimeOut
                0x000000000800192c       0x80 FreeRTOS Source\tasks.o
                0x000000000800192c                xTaskCheckForTimeOut
 .text.vTaskMissedYield
                0x00000000080019ac        0xc FreeRTOS Source\tasks.o
                0x00000000080019ac                vTaskMissedYield
 .text.xTaskGetSchedulerState
                0x00000000080019b8       0x20 FreeRTOS Source\tasks.o
                0x00000000080019b8                xTaskGetSchedulerState
 .text.vTaskPriorityInherit
                0x00000000080019d8       0xa0 FreeRTOS Source\tasks.o
                0x00000000080019d8                vTaskPriorityInherit
 .text.xTaskPriorityDisinherit
                0x0000000008001a78       0xb0 FreeRTOS Source\tasks.o
                0x0000000008001a78                xTaskPriorityDisinherit
 .text.pvTaskIncrementMutexHeldCount
                0x0000000008001b28       0x1c FreeRTOS Source\tasks.o
                0x0000000008001b28                pvTaskIncrementMutexHeldCount
 .text.prvGetNextExpireTime
                0x0000000008001b44       0x20 FreeRTOS Source\timers.o
 .text.prvInsertTimerInActiveList
                0x0000000008001b64       0x48 FreeRTOS Source\timers.o
 .text.prvCheckForValidListAndQueue
                0x0000000008001bac       0x5c FreeRTOS Source\timers.o
 .text.prvInitialiseNewTimer
                0x0000000008001c08       0x40 FreeRTOS Source\timers.o
 .text.xTimerCreateTimerTask
                0x0000000008001c48       0x50 FreeRTOS Source\timers.o
                0x0000000008001c48                xTimerCreateTimerTask
 .text.xTimerCreate
                0x0000000008001c98       0x32 FreeRTOS Source\timers.o
                0x0000000008001c98                xTimerCreate
 *fill*         0x0000000008001cca        0x2 
 .text.xTimerGenericCommand
                0x0000000008001ccc       0x6c FreeRTOS Source\timers.o
                0x0000000008001ccc                xTimerGenericCommand
 .text.prvSwitchTimerLists
                0x0000000008001d38       0x78 FreeRTOS Source\timers.o
 .text.prvSampleTimeNow
                0x0000000008001db0       0x2c FreeRTOS Source\timers.o
 .text.prvProcessExpiredTimer
                0x0000000008001ddc       0x60 FreeRTOS Source\timers.o
 .text.prvProcessTimerOrBlockTask
                0x0000000008001e3c       0x70 FreeRTOS Source\timers.o
 .text.prvProcessReceivedCommands
                0x0000000008001eac       0xe0 FreeRTOS Source\timers.o
 .text.prvTimerTask
                0x0000000008001f8c       0x16 FreeRTOS Source\timers.o
 *fill*         0x0000000008001fa2        0x2 
 .text.SystemClock_Config
                0x0000000008001fa4       0xa0 src\initialize-hardware.o
                0x0000000008001fa4                SystemClock_Config
 .text.__initialize_hardware
                0x0000000008002044       0x10 src\initialize-hardware.o
                0x0000000008002044                __initialize_hardware
 .text.assert_failed
                0x0000000008002054       0x14 src\initialize-hardware.o
                0x0000000008002054                assert_failed
 .text.Receiver_Task
                0x0000000008002068       0x58 src\main.o
                0x0000000008002068                Receiver_Task
 .text.Sender_Task_1
                0x00000000080020c0       0x74 src\main.o
                0x00000000080020c0                Sender_Task_1
 .text.Sender_Task_2
                0x0000000008002134       0x74 src\main.o
                0x0000000008002134                Sender_Task_2
 .text.Sender_Task_3
                0x00000000080021a8       0x74 src\main.o
                0x00000000080021a8                Sender_Task_3
 .text.uniform_distribution
                0x000000000800221c       0x1a src\main.o
                0x000000000800221c                uniform_distribution
 *fill*         0x0000000008002236        0x2 
 .text.SenderTimerCallback3
                0x0000000008002238       0x70 src\main.o
 .text.SenderTimerCallback2
                0x00000000080022a8       0x70 src\main.o
 .text.SenderTimerCallback1
                0x0000000008002318       0x70 src\main.o
 .text.Reset_Function
                0x0000000008002388      0x1c8 src\main.o
                0x0000000008002388                Reset_Function
 .text.ReciverTimerCallback
                0x0000000008002550       0x2c src\main.o
 .text.main     0x000000000800257c      0x27c src\main.o
                0x000000000800257c                main
 .text.vApplicationMallocFailedHook
                0x00000000080027f8        0x2 src\main.o
                0x00000000080027f8                vApplicationMallocFailedHook
 .text.vApplicationStackOverflowHook
                0x00000000080027fa        0x2 src\main.o
                0x00000000080027fa                vApplicationStackOverflowHook
 .text.vApplicationIdleHook
                0x00000000080027fc       0x12 src\main.o
                0x00000000080027fc                vApplicationIdleHook
 .text.vApplicationTickHook
                0x000000000800280e        0x2 src\main.o
                0x000000000800280e                vApplicationTickHook
 .text.HAL_MspInit
                0x0000000008002810        0x2 src\stm32f4xx_hal_msp.o
                0x0000000008002810                HAL_MspInit
 *fill*         0x0000000008002812        0x2 
 .text.SystemInit
                0x0000000008002814       0x10 system\src\cmsis\system_stm32f4xx.o
                0x0000000008002814                SystemInit
 .text.SystemCoreClockUpdate
                0x0000000008002824       0xa0 system\src\cmsis\system_stm32f4xx.o
                0x0000000008002824                SystemCoreClockUpdate
 .text.__NVIC_SystemReset
                0x00000000080028c4       0x24 system\src\cortexm\exception-handlers.o
 .text.dumpExceptionStack
                0x00000000080028e8       0xf4 system\src\cortexm\exception-handlers.o
                0x00000000080028e8                dumpExceptionStack
 .text.isSemihosting
                0x00000000080029dc       0xe0 system\src\cortexm\exception-handlers.o
                0x00000000080029dc                isSemihosting
 .text.__initialize_hardware_early
                0x0000000008002abc       0x18 system\src\cortexm\initialize-hardware.o
                0x0000000008002abc                __initialize_hardware_early
 .text._trace_write_semihosting_debug
                0x0000000008002ad4       0x62 system\src\diag\trace-impl.o
 .text.trace_write
                0x0000000008002b36        0x8 system\src\diag\trace-impl.o
                0x0000000008002b36                trace_write
 *fill*         0x0000000008002b3e        0x2 
 .text.trace_printf
                0x0000000008002b40       0x34 system\src\diag\trace.o
                0x0000000008002b40                trace_printf
 .text.trace_puts
                0x0000000008002b74       0x20 system\src\diag\trace.o
                0x0000000008002b74                trace_puts
 .text.__assert_func
                0x0000000008002b94       0x34 system\src\newlib\assert.o
                0x0000000008002b94                __assert_func
 .text.abort    0x0000000008002bc8       0x14 system\src\newlib\exit.o
                0x0000000008002bc8                abort
 .text._sbrk    0x0000000008002bdc       0x44 system\src\newlib\sbrk.o
                0x0000000008002bdc                _sbrk
 .text.get_errno
                0x0000000008002c20       0x12 system\src\newlib\syscalls.o
 .text.error    0x0000000008002c32       0x14 system\src\newlib\syscalls.o
 .text.checkerror
                0x0000000008002c46       0x10 system\src\newlib\syscalls.o
 *fill*         0x0000000008002c56        0x2 
 .text.findslot
                0x0000000008002c58       0x3c system\src\newlib\syscalls.o
 .text._exit    0x0000000008002c94       0x20 system\src\newlib\syscalls.o
                0x0000000008002c94                _exit
 .text.initialise_monitor_handles
                0x0000000008002cb4       0xa8 system\src\newlib\syscalls.o
                0x0000000008002cb4                initialise_monitor_handles
 .text.__initialize_args
                0x0000000008002d5c       0xc0 system\src\newlib\syscalls.o
                0x0000000008002d5c                __initialize_args
 .text._swiread
                0x0000000008002e1c       0x20 system\src\newlib\syscalls.o
                0x0000000008002e1c                _swiread
 .text._read    0x0000000008002e3c       0x36 system\src\newlib\syscalls.o
                0x0000000008002e3c                _read
 .text._swilseek
                0x0000000008002e72       0x96 system\src\newlib\syscalls.o
                0x0000000008002e72                _swilseek
 .text._lseek   0x0000000008002f08        0x8 system\src\newlib\syscalls.o
                0x0000000008002f08                _lseek
 .text._swiwrite
                0x0000000008002f10       0x20 system\src\newlib\syscalls.o
                0x0000000008002f10                _swiwrite
 .text._write   0x0000000008002f30       0x46 system\src\newlib\syscalls.o
                0x0000000008002f30                _write
 .text._swiclose
                0x0000000008002f76       0x1c system\src\newlib\syscalls.o
                0x0000000008002f76                _swiclose
 *fill*         0x0000000008002f92        0x2 
 .text._close   0x0000000008002f94       0x48 system\src\newlib\syscalls.o
                0x0000000008002f94                _close
 .text._swistat
                0x0000000008002fdc       0x44 system\src\newlib\syscalls.o
                0x0000000008002fdc                _swistat
 .text._fstat   0x0000000008003020       0x1a system\src\newlib\syscalls.o
                0x0000000008003020                _fstat
 .text._isatty  0x000000000800303a       0x36 system\src\newlib\syscalls.o
                0x000000000800303a                _isatty
 .text.HAL_InitTick
                0x0000000008003070       0x4c system\src\stm32f4-hal\stm32f4xx_hal.o
                0x0000000008003070                HAL_InitTick
 .text.HAL_Init
                0x00000000080030bc       0x34 system\src\stm32f4-hal\stm32f4xx_hal.o
                0x00000000080030bc                HAL_Init
 .text.HAL_GetTick
                0x00000000080030f0        0xc system\src\stm32f4-hal\stm32f4xx_hal.o
                0x00000000080030f0                HAL_GetTick
 .text.__NVIC_SetPriority
                0x00000000080030fc       0x28 system\src\stm32f4-hal\stm32f4xx_hal_cortex.o
 .text.NVIC_EncodePriority
                0x0000000008003124       0x3e system\src\stm32f4-hal\stm32f4xx_hal_cortex.o
 *fill*         0x0000000008003162        0x2 
 .text.HAL_NVIC_SetPriorityGrouping
                0x0000000008003164       0x3c system\src\stm32f4-hal\stm32f4xx_hal_cortex.o
                0x0000000008003164                HAL_NVIC_SetPriorityGrouping
 .text.HAL_NVIC_SetPriority
                0x00000000080031a0       0x48 system\src\stm32f4-hal\stm32f4xx_hal_cortex.o
                0x00000000080031a0                HAL_NVIC_SetPriority
 .text.HAL_SYSTICK_Config
                0x00000000080031e8       0x28 system\src\stm32f4-hal\stm32f4xx_hal_cortex.o
                0x00000000080031e8                HAL_SYSTICK_Config
 .text.HAL_SYSTICK_CLKSourceConfig
                0x0000000008003210       0x34 system\src\stm32f4-hal\stm32f4xx_hal_cortex.o
                0x0000000008003210                HAL_SYSTICK_CLKSourceConfig
 .text.HAL_RCC_OscConfig
                0x0000000008003244      0x4f8 system\src\stm32f4-hal\stm32f4xx_hal_rcc.o
                0x0000000008003244                HAL_RCC_OscConfig
 .text.HAL_RCC_GetSysClockFreq
                0x000000000800373c       0xdc system\src\stm32f4-hal\stm32f4xx_hal_rcc.o
                0x000000000800373c                HAL_RCC_GetSysClockFreq
 .text.HAL_RCC_ClockConfig
                0x0000000008003818      0x224 system\src\stm32f4-hal\stm32f4xx_hal_rcc.o
                0x0000000008003818                HAL_RCC_ClockConfig
 .text.HAL_RCC_GetHCLKFreq
                0x0000000008003a3c        0xc system\src\stm32f4-hal\stm32f4xx_hal_rcc.o
                0x0000000008003a3c                HAL_RCC_GetHCLKFreq
 .text          0x0000000008003a48       0x30 c:/users/user/appdata/roaming/xpacks/@xpack-dev-tools/arm-none-eabi-gcc/12.2.1-1.2.1/.content/bin/../lib/gcc/arm-none-eabi/12.2.1/thumb/v7e-m+fp/softfp\libgcc.a(_aeabi_uldivmod.o)
                0x0000000008003a48                __aeabi_uldivmod
 .text.__udivmoddi4
                0x0000000008003a78      0x2bc c:/users/user/appdata/roaming/xpacks/@xpack-dev-tools/arm-none-eabi-gcc/12.2.1-1.2.1/.content/bin/../lib/gcc/arm-none-eabi/12.2.1/thumb/v7e-m+fp/softfp\libgcc.a(_udivmoddi4.o)
                0x0000000008003a78                __udivmoddi4
 .text          0x0000000008003d34        0x4 c:/users/user/appdata/roaming/xpacks/@xpack-dev-tools/arm-none-eabi-gcc/12.2.1-1.2.1/.content/bin/../lib/gcc/arm-none-eabi/12.2.1/thumb/v7e-m+fp/softfp\libgcc.a(_dvmd_tls.o)
                0x0000000008003d34                __aeabi_idiv0
                0x0000000008003d34                __aeabi_ldiv0
 .text.rand     0x0000000008003d38       0x7c c:/users/user/appdata/roaming/xpacks/@xpack-dev-tools/arm-none-eabi-gcc/12.2.1-1.2.1/.content/bin/../lib/gcc/arm-none-eabi/12.2.1/../../../../arm-none-eabi/lib/thumb/v7e-m+fp/softfp\libg_nano.a(libc_a-rand.o)
                0x0000000008003d38                rand
 .text.std      0x0000000008003db4       0x6c c:/users/user/appdata/roaming/xpacks/@xpack-dev-tools/arm-none-eabi-gcc/12.2.1-1.2.1/.content/bin/../lib/gcc/arm-none-eabi/12.2.1/../../../../arm-none-eabi/lib/thumb/v7e-m+fp/softfp\libg_nano.a(libc_a-findfp.o)
 .text.stdio_exit_handler
                0x0000000008003e20       0x18 c:/users/user/appdata/roaming/xpacks/@xpack-dev-tools/arm-none-eabi-gcc/12.2.1-1.2.1/.content/bin/../lib/gcc/arm-none-eabi/12.2.1/../../../../arm-none-eabi/lib/thumb/v7e-m+fp/softfp\libg_nano.a(libc_a-findfp.o)
 .text.cleanup_stdio
                0x0000000008003e38       0x40 c:/users/user/appdata/roaming/xpacks/@xpack-dev-tools/arm-none-eabi-gcc/12.2.1-1.2.1/.content/bin/../lib/gcc/arm-none-eabi/12.2.1/../../../../arm-none-eabi/lib/thumb/v7e-m+fp/softfp\libg_nano.a(libc_a-findfp.o)
 .text.global_stdio_init.part.0
                0x0000000008003e78       0x3c c:/users/user/appdata/roaming/xpacks/@xpack-dev-tools/arm-none-eabi-gcc/12.2.1-1.2.1/.content/bin/../lib/gcc/arm-none-eabi/12.2.1/../../../../arm-none-eabi/lib/thumb/v7e-m+fp/softfp\libg_nano.a(libc_a-findfp.o)
 .text.__sfp_lock_acquire
                0x0000000008003eb4        0xc c:/users/user/appdata/roaming/xpacks/@xpack-dev-tools/arm-none-eabi-gcc/12.2.1-1.2.1/.content/bin/../lib/gcc/arm-none-eabi/12.2.1/../../../../arm-none-eabi/lib/thumb/v7e-m+fp/softfp\libg_nano.a(libc_a-findfp.o)
                0x0000000008003eb4                __sfp_lock_acquire
 .text.__sfp_lock_release
                0x0000000008003ec0        0xc c:/users/user/appdata/roaming/xpacks/@xpack-dev-tools/arm-none-eabi-gcc/12.2.1-1.2.1/.content/bin/../lib/gcc/arm-none-eabi/12.2.1/../../../../arm-none-eabi/lib/thumb/v7e-m+fp/softfp\libg_nano.a(libc_a-findfp.o)
                0x0000000008003ec0                __sfp_lock_release
 .text.__sinit  0x0000000008003ecc       0x30 c:/users/user/appdata/roaming/xpacks/@xpack-dev-tools/arm-none-eabi-gcc/12.2.1-1.2.1/.content/bin/../lib/gcc/arm-none-eabi/12.2.1/../../../../arm-none-eabi/lib/thumb/v7e-m+fp/softfp\libg_nano.a(libc_a-findfp.o)
                0x0000000008003ecc                __sinit
 .text._fwalk_sglue
                0x0000000008003efc       0x3c c:/users/user/appdata/roaming/xpacks/@xpack-dev-tools/arm-none-eabi-gcc/12.2.1-1.2.1/.content/bin/../lib/gcc/arm-none-eabi/12.2.1/../../../../arm-none-eabi/lib/thumb/v7e-m+fp/softfp\libg_nano.a(libc_a-fwalk.o)
                0x0000000008003efc                _fwalk_sglue
 .text.printf   0x0000000008003f38       0x24 c:/users/user/appdata/roaming/xpacks/@xpack-dev-tools/arm-none-eabi-gcc/12.2.1-1.2.1/.content/bin/../lib/gcc/arm-none-eabi/12.2.1/../../../../arm-none-eabi/lib/thumb/v7e-m+fp/softfp\libg_nano.a(libc_a-printf.o)
                0x0000000008003f38                iprintf
                0x0000000008003f38                printf
 .text._puts_r  0x0000000008003f5c       0xaa c:/users/user/appdata/roaming/xpacks/@xpack-dev-tools/arm-none-eabi-gcc/12.2.1-1.2.1/.content/bin/../lib/gcc/arm-none-eabi/12.2.1/../../../../arm-none-eabi/lib/thumb/v7e-m+fp/softfp\libg_nano.a(libc_a-puts.o)
                0x0000000008003f5c                _puts_r
 *fill*         0x0000000008004006        0x2 
 .text.puts     0x0000000008004008       0x10 c:/users/user/appdata/roaming/xpacks/@xpack-dev-tools/arm-none-eabi-gcc/12.2.1-1.2.1/.content/bin/../lib/gcc/arm-none-eabi/12.2.1/../../../../arm-none-eabi/lib/thumb/v7e-m+fp/softfp\libg_nano.a(libc_a-puts.o)
                0x0000000008004008                puts
 .text.sprintf  0x0000000008004018       0x40 c:/users/user/appdata/roaming/xpacks/@xpack-dev-tools/arm-none-eabi-gcc/12.2.1-1.2.1/.content/bin/../lib/gcc/arm-none-eabi/12.2.1/../../../../arm-none-eabi/lib/thumb/v7e-m+fp/softfp\libg_nano.a(libc_a-sprintf.o)
                0x0000000008004018                siprintf
                0x0000000008004018                sprintf
 .text.__sread  0x0000000008004058       0x22 c:/users/user/appdata/roaming/xpacks/@xpack-dev-tools/arm-none-eabi-gcc/12.2.1-1.2.1/.content/bin/../lib/gcc/arm-none-eabi/12.2.1/../../../../arm-none-eabi/lib/thumb/v7e-m+fp/softfp\libg_nano.a(libc_a-stdio.o)
                0x0000000008004058                __sread
 .text.__swrite
                0x000000000800407a       0x38 c:/users/user/appdata/roaming/xpacks/@xpack-dev-tools/arm-none-eabi-gcc/12.2.1-1.2.1/.content/bin/../lib/gcc/arm-none-eabi/12.2.1/../../../../arm-none-eabi/lib/thumb/v7e-m+fp/softfp\libg_nano.a(libc_a-stdio.o)
                0x000000000800407a                __swrite
 .text.__sseek  0x00000000080040b2       0x24 c:/users/user/appdata/roaming/xpacks/@xpack-dev-tools/arm-none-eabi-gcc/12.2.1-1.2.1/.content/bin/../lib/gcc/arm-none-eabi/12.2.1/../../../../arm-none-eabi/lib/thumb/v7e-m+fp/softfp\libg_nano.a(libc_a-stdio.o)
                0x00000000080040b2                __sseek
 .text.__sclose
                0x00000000080040d6        0x8 c:/users/user/appdata/roaming/xpacks/@xpack-dev-tools/arm-none-eabi-gcc/12.2.1-1.2.1/.content/bin/../lib/gcc/arm-none-eabi/12.2.1/../../../../arm-none-eabi/lib/thumb/v7e-m+fp/softfp\libg_nano.a(libc_a-stdio.o)
                0x00000000080040d6                __sclose
 .text._vsnprintf_r
                0x00000000080040de       0x56 c:/users/user/appdata/roaming/xpacks/@xpack-dev-tools/arm-none-eabi-gcc/12.2.1-1.2.1/.content/bin/../lib/gcc/arm-none-eabi/12.2.1/../../../../arm-none-eabi/lib/thumb/v7e-m+fp/softfp\libg_nano.a(libc_a-vsnprintf.o)
                0x00000000080040de                _vsniprintf_r
                0x00000000080040de                _vsnprintf_r
 .text.vsnprintf
                0x0000000008004134       0x1c c:/users/user/appdata/roaming/xpacks/@xpack-dev-tools/arm-none-eabi-gcc/12.2.1-1.2.1/.content/bin/../lib/gcc/arm-none-eabi/12.2.1/../../../../arm-none-eabi/lib/thumb/v7e-m+fp/softfp\libg_nano.a(libc_a-vsnprintf.o)
                0x0000000008004134                vsniprintf
                0x0000000008004134                vsnprintf
 .text.__swbuf_r
                0x0000000008004150       0x7c c:/users/user/appdata/roaming/xpacks/@xpack-dev-tools/arm-none-eabi-gcc/12.2.1-1.2.1/.content/bin/../lib/gcc/arm-none-eabi/12.2.1/../../../../arm-none-eabi/lib/thumb/v7e-m+fp/softfp\libg_nano.a(libc_a-wbuf.o)
                0x0000000008004150                __swbuf_r
 .text.__swsetup_r
                0x00000000080041cc       0xac c:/users/user/appdata/roaming/xpacks/@xpack-dev-tools/arm-none-eabi-gcc/12.2.1-1.2.1/.content/bin/../lib/gcc/arm-none-eabi/12.2.1/../../../../arm-none-eabi/lib/thumb/v7e-m+fp/softfp\libg_nano.a(libc_a-wsetup.o)
                0x00000000080041cc                __swsetup_r
 .text.memset   0x0000000008004278       0x10 c:/users/user/appdata/roaming/xpacks/@xpack-dev-tools/arm-none-eabi-gcc/12.2.1-1.2.1/.content/bin/../lib/gcc/arm-none-eabi/12.2.1/../../../../arm-none-eabi/lib/thumb/v7e-m+fp/softfp\libg_nano.a(libc_a-memset.o)
                0x0000000008004278                memset
 .text._close_r
                0x0000000008004288       0x20 c:/users/user/appdata/roaming/xpacks/@xpack-dev-tools/arm-none-eabi-gcc/12.2.1-1.2.1/.content/bin/../lib/gcc/arm-none-eabi/12.2.1/../../../../arm-none-eabi/lib/thumb/v7e-m+fp/softfp\libg_nano.a(libc_a-closer.o)
                0x0000000008004288                _close_r
 .text._lseek_r
                0x00000000080042a8       0x24 c:/users/user/appdata/roaming/xpacks/@xpack-dev-tools/arm-none-eabi-gcc/12.2.1-1.2.1/.content/bin/../lib/gcc/arm-none-eabi/12.2.1/../../../../arm-none-eabi/lib/thumb/v7e-m+fp/softfp\libg_nano.a(libc_a-lseekr.o)
                0x00000000080042a8                _lseek_r
 .text._read_r  0x00000000080042cc       0x24 c:/users/user/appdata/roaming/xpacks/@xpack-dev-tools/arm-none-eabi-gcc/12.2.1-1.2.1/.content/bin/../lib/gcc/arm-none-eabi/12.2.1/../../../../arm-none-eabi/lib/thumb/v7e-m+fp/softfp\libg_nano.a(libc_a-readr.o)
                0x00000000080042cc                _read_r
 .text._write_r
                0x00000000080042f0       0x24 c:/users/user/appdata/roaming/xpacks/@xpack-dev-tools/arm-none-eabi-gcc/12.2.1-1.2.1/.content/bin/../lib/gcc/arm-none-eabi/12.2.1/../../../../arm-none-eabi/lib/thumb/v7e-m+fp/softfp\libg_nano.a(libc_a-writer.o)
                0x00000000080042f0                _write_r
 .text.__errno  0x0000000008004314        0xc c:/users/user/appdata/roaming/xpacks/@xpack-dev-tools/arm-none-eabi-gcc/12.2.1-1.2.1/.content/bin/../lib/gcc/arm-none-eabi/12.2.1/../../../../arm-none-eabi/lib/thumb/v7e-m+fp/softfp\libg_nano.a(libc_a-errno.o)
                0x0000000008004314                __errno
 .text.__retarget_lock_init_recursive
                0x0000000008004320        0x2 c:/users/user/appdata/roaming/xpacks/@xpack-dev-tools/arm-none-eabi-gcc/12.2.1-1.2.1/.content/bin/../lib/gcc/arm-none-eabi/12.2.1/../../../../arm-none-eabi/lib/thumb/v7e-m+fp/softfp\libg_nano.a(libc_a-lock.o)
                0x0000000008004320                __retarget_lock_init_recursive
 .text.__retarget_lock_acquire_recursive
                0x0000000008004322        0x2 c:/users/user/appdata/roaming/xpacks/@xpack-dev-tools/arm-none-eabi-gcc/12.2.1-1.2.1/.content/bin/../lib/gcc/arm-none-eabi/12.2.1/../../../../arm-none-eabi/lib/thumb/v7e-m+fp/softfp\libg_nano.a(libc_a-lock.o)
                0x0000000008004322                __retarget_lock_acquire_recursive
 .text.__retarget_lock_release_recursive
                0x0000000008004324        0x2 c:/users/user/appdata/roaming/xpacks/@xpack-dev-tools/arm-none-eabi-gcc/12.2.1-1.2.1/.content/bin/../lib/gcc/arm-none-eabi/12.2.1/../../../../arm-none-eabi/lib/thumb/v7e-m+fp/softfp\libg_nano.a(libc_a-lock.o)
                0x0000000008004324                __retarget_lock_release_recursive
 .text          0x0000000008004326       0x14 c:/users/user/appdata/roaming/xpacks/@xpack-dev-tools/arm-none-eabi-gcc/12.2.1-1.2.1/.content/bin/../lib/gcc/arm-none-eabi/12.2.1/../../../../arm-none-eabi/lib/thumb/v7e-m+fp/softfp\libg_nano.a(libc_a-strcmp.o)
                0x0000000008004326                strcmp
 .text.memcpy   0x000000000800433a       0x1c c:/users/user/appdata/roaming/xpacks/@xpack-dev-tools/arm-none-eabi-gcc/12.2.1-1.2.1/.content/bin/../lib/gcc/arm-none-eabi/12.2.1/../../../../arm-none-eabi/lib/thumb/v7e-m+fp/softfp\libg_nano.a(libc_a-memcpy-stub.o)
                0x000000000800433a                memcpy
 .text          0x0000000008004356       0x10 c:/users/user/appdata/roaming/xpacks/@xpack-dev-tools/arm-none-eabi-gcc/12.2.1-1.2.1/.content/bin/../lib/gcc/arm-none-eabi/12.2.1/../../../../arm-none-eabi/lib/thumb/v7e-m+fp/softfp\libg_nano.a(libc_a-strlen.o)
                0x0000000008004356                strlen
 *fill*         0x0000000008004366        0x2 
 .text._free_r  0x0000000008004368       0x94 c:/users/user/appdata/roaming/xpacks/@xpack-dev-tools/arm-none-eabi-gcc/12.2.1-1.2.1/.content/bin/../lib/gcc/arm-none-eabi/12.2.1/../../../../arm-none-eabi/lib/thumb/v7e-m+fp/softfp\libg_nano.a(libc_a-freer.o)
                0x0000000008004368                _free_r
 .text.malloc   0x00000000080043fc       0x10 c:/users/user/appdata/roaming/xpacks/@xpack-dev-tools/arm-none-eabi-gcc/12.2.1-1.2.1/.content/bin/../lib/gcc/arm-none-eabi/12.2.1/../../../../arm-none-eabi/lib/thumb/v7e-m+fp/softfp\libg_nano.a(libc_a-malloc.o)
                0x00000000080043fc                malloc
 .text.sbrk_aligned
                0x000000000800440c       0x44 c:/users/user/appdata/roaming/xpacks/@xpack-dev-tools/arm-none-eabi-gcc/12.2.1-1.2.1/.content/bin/../lib/gcc/arm-none-eabi/12.2.1/../../../../arm-none-eabi/lib/thumb/v7e-m+fp/softfp\libg_nano.a(libc_a-mallocr.o)
 .text._malloc_r
                0x0000000008004450       0xf0 c:/users/user/appdata/roaming/xpacks/@xpack-dev-tools/arm-none-eabi-gcc/12.2.1-1.2.1/.content/bin/../lib/gcc/arm-none-eabi/12.2.1/../../../../arm-none-eabi/lib/thumb/v7e-m+fp/softfp\libg_nano.a(libc_a-mallocr.o)
                0x0000000008004450                _malloc_r
 .text.__malloc_lock
                0x0000000008004540        0xc c:/users/user/appdata/roaming/xpacks/@xpack-dev-tools/arm-none-eabi-gcc/12.2.1-1.2.1/.content/bin/../lib/gcc/arm-none-eabi/12.2.1/../../../../arm-none-eabi/lib/thumb/v7e-m+fp/softfp\libg_nano.a(libc_a-mlock.o)
                0x0000000008004540                __malloc_lock
 .text.__malloc_unlock
                0x000000000800454c        0xc c:/users/user/appdata/roaming/xpacks/@xpack-dev-tools/arm-none-eabi-gcc/12.2.1-1.2.1/.content/bin/../lib/gcc/arm-none-eabi/12.2.1/../../../../arm-none-eabi/lib/thumb/v7e-m+fp/softfp\libg_nano.a(libc_a-mlock.o)
                0x000000000800454c                __malloc_unlock
 .text.__ssputs_r
                0x0000000008004558       0xb6 c:/users/user/appdata/roaming/xpacks/@xpack-dev-tools/arm-none-eabi-gcc/12.2.1-1.2.1/.content/bin/../lib/gcc/arm-none-eabi/12.2.1/../../../../arm-none-eabi/lib/thumb/v7e-m+fp/softfp\libg_nano.a(libc_a-nano-svfprintf.o)
                0x0000000008004558                __ssputs_r
 *fill*         0x000000000800460e        0x2 
 .text._svfprintf_r
                0x0000000008004610      0x1f8 c:/users/user/appdata/roaming/xpacks/@xpack-dev-tools/arm-none-eabi-gcc/12.2.1-1.2.1/.content/bin/../lib/gcc/arm-none-eabi/12.2.1/../../../../arm-none-eabi/lib/thumb/v7e-m+fp/softfp\libg_nano.a(libc_a-nano-svfprintf.o)
                0x0000000008004610                _svfiprintf_r
                0x0000000008004610                _svfprintf_r
 .text.__sfputc_r
                0x0000000008004808       0x2e c:/users/user/appdata/roaming/xpacks/@xpack-dev-tools/arm-none-eabi-gcc/12.2.1-1.2.1/.content/bin/../lib/gcc/arm-none-eabi/12.2.1/../../../../arm-none-eabi/lib/thumb/v7e-m+fp/softfp\libg_nano.a(libc_a-nano-vfprintf.o)
 .text.__sfputs_r
                0x0000000008004836       0x24 c:/users/user/appdata/roaming/xpacks/@xpack-dev-tools/arm-none-eabi-gcc/12.2.1-1.2.1/.content/bin/../lib/gcc/arm-none-eabi/12.2.1/../../../../arm-none-eabi/lib/thumb/v7e-m+fp/softfp\libg_nano.a(libc_a-nano-vfprintf.o)
                0x0000000008004836                __sfputs_r
 *fill*         0x000000000800485a        0x2 
 .text._vfprintf_r
                0x000000000800485c      0x230 c:/users/user/appdata/roaming/xpacks/@xpack-dev-tools/arm-none-eabi-gcc/12.2.1-1.2.1/.content/bin/../lib/gcc/arm-none-eabi/12.2.1/../../../../arm-none-eabi/lib/thumb/v7e-m+fp/softfp\libg_nano.a(libc_a-nano-vfprintf.o)
                0x000000000800485c                _vfprintf_r
                0x000000000800485c                _vfiprintf_r
 .text._printf_common
                0x0000000008004a8c       0xda c:/users/user/appdata/roaming/xpacks/@xpack-dev-tools/arm-none-eabi-gcc/12.2.1-1.2.1/.content/bin/../lib/gcc/arm-none-eabi/12.2.1/../../../../arm-none-eabi/lib/thumb/v7e-m+fp/softfp\libg_nano.a(libc_a-nano-vfprintf_i.o)
                0x0000000008004a8c                _printf_common
 *fill*         0x0000000008004b66        0x2 
 .text._printf_i
                0x0000000008004b68      0x258 c:/users/user/appdata/roaming/xpacks/@xpack-dev-tools/arm-none-eabi-gcc/12.2.1-1.2.1/.content/bin/../lib/gcc/arm-none-eabi/12.2.1/../../../../arm-none-eabi/lib/thumb/v7e-m+fp/softfp\libg_nano.a(libc_a-nano-vfprintf_i.o)
                0x0000000008004b68                _printf_i
 .text.__sflush_r
                0x0000000008004dc0      0x108 c:/users/user/appdata/roaming/xpacks/@xpack-dev-tools/arm-none-eabi-gcc/12.2.1-1.2.1/.content/bin/../lib/gcc/arm-none-eabi/12.2.1/../../../../arm-none-eabi/lib/thumb/v7e-m+fp/softfp\libg_nano.a(libc_a-fflush.o)
                0x0000000008004dc0                __sflush_r
 .text._fflush_r
                0x0000000008004ec8       0x50 c:/users/user/appdata/roaming/xpacks/@xpack-dev-tools/arm-none-eabi-gcc/12.2.1-1.2.1/.content/bin/../lib/gcc/arm-none-eabi/12.2.1/../../../../arm-none-eabi/lib/thumb/v7e-m+fp/softfp\libg_nano.a(libc_a-fflush.o)
                0x0000000008004ec8                _fflush_r
 .text.__swhatbuf_r
                0x0000000008004f18       0x4c c:/users/user/appdata/roaming/xpacks/@xpack-dev-tools/arm-none-eabi-gcc/12.2.1-1.2.1/.content/bin/../lib/gcc/arm-none-eabi/12.2.1/../../../../arm-none-eabi/lib/thumb/v7e-m+fp/softfp\libg_nano.a(libc_a-makebuf.o)
                0x0000000008004f18                __swhatbuf_r
 .text.__smakebuf_r
                0x0000000008004f64       0x78 c:/users/user/appdata/roaming/xpacks/@xpack-dev-tools/arm-none-eabi-gcc/12.2.1-1.2.1/.content/bin/../lib/gcc/arm-none-eabi/12.2.1/../../../../arm-none-eabi/lib/thumb/v7e-m+fp/softfp\libg_nano.a(libc_a-makebuf.o)
                0x0000000008004f64                __smakebuf_r
 .text.memmove  0x0000000008004fdc       0x34 c:/users/user/appdata/roaming/xpacks/@xpack-dev-tools/arm-none-eabi-gcc/12.2.1-1.2.1/.content/bin/../lib/gcc/arm-none-eabi/12.2.1/../../../../arm-none-eabi/lib/thumb/v7e-m+fp/softfp\libg_nano.a(libc_a-memmove.o)
                0x0000000008004fdc                memmove
 .text._fstat_r
                0x0000000008005010       0x24 c:/users/user/appdata/roaming/xpacks/@xpack-dev-tools/arm-none-eabi-gcc/12.2.1-1.2.1/.content/bin/../lib/gcc/arm-none-eabi/12.2.1/../../../../arm-none-eabi/lib/thumb/v7e-m+fp/softfp\libg_nano.a(libc_a-fstatr.o)
                0x0000000008005010                _fstat_r
 .text._isatty_r
                0x0000000008005034       0x20 c:/users/user/appdata/roaming/xpacks/@xpack-dev-tools/arm-none-eabi-gcc/12.2.1-1.2.1/.content/bin/../lib/gcc/arm-none-eabi/12.2.1/../../../../arm-none-eabi/lib/thumb/v7e-m+fp/softfp\libg_nano.a(libc_a-isattyr.o)
                0x0000000008005034                _isatty_r
 .text._sbrk_r  0x0000000008005054       0x20 c:/users/user/appdata/roaming/xpacks/@xpack-dev-tools/arm-none-eabi-gcc/12.2.1-1.2.1/.content/bin/../lib/gcc/arm-none-eabi/12.2.1/../../../../arm-none-eabi/lib/thumb/v7e-m+fp/softfp\libg_nano.a(libc_a-sbrkr.o)
                0x0000000008005054                _sbrk_r
 *fill*         0x0000000008005074        0xc 
 .text          0x0000000008005080       0xa0 c:/users/user/appdata/roaming/xpacks/@xpack-dev-tools/arm-none-eabi-gcc/12.2.1-1.2.1/.content/bin/../lib/gcc/arm-none-eabi/12.2.1/../../../../arm-none-eabi/lib/thumb/v7e-m+fp/softfp\libg_nano.a(libc_a-memchr.o)
                0x0000000008005080                memchr
 .text._realloc_r
                0x0000000008005120       0x5c c:/users/user/appdata/roaming/xpacks/@xpack-dev-tools/arm-none-eabi-gcc/12.2.1-1.2.1/.content/bin/../lib/gcc/arm-none-eabi/12.2.1/../../../../arm-none-eabi/lib/thumb/v7e-m+fp/softfp\libg_nano.a(libc_a-reallocr.o)
                0x0000000008005120                _realloc_r
 .text._malloc_usable_size_r
                0x000000000800517c       0x10 c:/users/user/appdata/roaming/xpacks/@xpack-dev-tools/arm-none-eabi-gcc/12.2.1-1.2.1/.content/bin/../lib/gcc/arm-none-eabi/12.2.1/../../../../arm-none-eabi/lib/thumb/v7e-m+fp/softfp\libg_nano.a(libc_a-msizer.o)
                0x000000000800517c                _malloc_usable_size_r
 *(.rodata .rodata.* .constdata .constdata.*)
 .rodata.vTaskStartScheduler.str1.4
                0x000000000800518c        0x5 FreeRTOS Source\tasks.o
 *fill*         0x0000000008005191        0x3 
 .rodata.prvCheckForValidListAndQueue.str1.4
                0x0000000008005194        0x5 FreeRTOS Source\timers.o
 *fill*         0x0000000008005199        0x3 
 .rodata.xTimerCreateTimerTask.str1.4
                0x000000000800519c        0x8 FreeRTOS Source\timers.o
 .rodata.assert_failed.str1.4
                0x00000000080051a4       0x2d src\initialize-hardware.o
 *fill*         0x00000000080051d1        0x3 
 .rodata.Receiver_Task.str1.4
                0x00000000080051d4       0x1f src\main.o
 *fill*         0x00000000080051f3        0x1 
 .rodata.Sender_Task_1.str1.4
                0x00000000080051f4       0x29 src\main.o
 *fill*         0x000000000800521d        0x3 
 .rodata.Sender_Task_2.str1.4
                0x0000000008005220       0x1d src\main.o
 *fill*         0x000000000800523d        0x3 
 .rodata.Sender_Task_3.str1.4
                0x0000000008005240       0x1d src\main.o
 *fill*         0x000000000800525d        0x3 
 .rodata.Reset_Function.str1.4
                0x0000000008005260       0xa3 src\main.o
 *fill*         0x0000000008005303        0x1 
 .rodata.main.str1.4
                0x0000000008005304       0x5f src\main.o
 *fill*         0x0000000008005363        0x1 
 .rodata.AHBPrescTable
                0x0000000008005364       0x10 system\src\cmsis\system_stm32f4xx.o
                0x0000000008005364                AHBPrescTable
 .rodata.dumpExceptionStack.str1.4
                0x0000000008005374      0x11a system\src\cortexm\exception-handlers.o
 *fill*         0x000000000800548e        0x2 
 .rodata.isSemihosting.str1.4
                0x0000000008005490        0x4 system\src\cortexm\exception-handlers.o
 .rodata.str1.4
                0x0000000008005494       0x2a system\src\cortexm\exception-handlers.o
 .rodata.trace_puts.str1.4
                0x00000000080054be       0x2a system\src\diag\trace.o
                                          0x2 (size before relaxing)
 *fill*         0x00000000080054be        0x2 
 .rodata.__assert_func.str1.4
                0x00000000080054c0       0x3f system\src\newlib\assert.o
                                         0x43 (size before relaxing)
 *fill*         0x00000000080054ff        0x1 
 .rodata.abort.str1.4
                0x0000000008005500       0x14 system\src\newlib\exit.o
 .rodata.initialise_monitor_handles.str1.4
                0x0000000008005514        0x4 system\src\newlib\syscalls.o
 .rodata.HAL_NVIC_SetPriorityGrouping.str1.4
                0x0000000008005514       0x31 system\src\stm32f4-hal\stm32f4xx_hal_cortex.o
 *fill*         0x0000000008005545        0x3 
 .rodata.HAL_RCC_OscConfig.str1.4
                0x0000000008005548       0x2e system\src\stm32f4-hal\stm32f4xx_hal_rcc.o
 .rodata.srand.str1.1
                0x0000000008005576       0x8c c:/users/user/appdata/roaming/xpacks/@xpack-dev-tools/arm-none-eabi-gcc/12.2.1-1.2.1/.content/bin/../lib/gcc/arm-none-eabi/12.2.1/../../../../arm-none-eabi/lib/thumb/v7e-m+fp/softfp\libg_nano.a(libc_a-rand.o)
 .rodata._ctype_
                0x0000000008005602      0x101 c:/users/user/appdata/roaming/xpacks/@xpack-dev-tools/arm-none-eabi-gcc/12.2.1-1.2.1/.content/bin/../lib/gcc/arm-none-eabi/12.2.1/../../../../arm-none-eabi/lib/thumb/v7e-m+fp/softfp\libg_nano.a(libc_a-ctype_.o)
                0x0000000008005602                _ctype_
 .rodata._svfprintf_r.str1.1
                0x0000000008005703       0x11 c:/users/user/appdata/roaming/xpacks/@xpack-dev-tools/arm-none-eabi-gcc/12.2.1-1.2.1/.content/bin/../lib/gcc/arm-none-eabi/12.2.1/../../../../arm-none-eabi/lib/thumb/v7e-m+fp/softfp\libg_nano.a(libc_a-nano-svfprintf.o)
 .rodata._vfprintf_r.str1.1
                0x0000000008005714       0x11 c:/users/user/appdata/roaming/xpacks/@xpack-dev-tools/arm-none-eabi-gcc/12.2.1-1.2.1/.content/bin/../lib/gcc/arm-none-eabi/12.2.1/../../../../arm-none-eabi/lib/thumb/v7e-m+fp/softfp\libg_nano.a(libc_a-nano-vfprintf.o)
 .rodata._printf_i.str1.1
                0x0000000008005714       0x22 c:/users/user/appdata/roaming/xpacks/@xpack-dev-tools/arm-none-eabi-gcc/12.2.1-1.2.1/.content/bin/../lib/gcc/arm-none-eabi/12.2.1/../../../../arm-none-eabi/lib/thumb/v7e-m+fp/softfp\libg_nano.a(libc_a-nano-vfprintf_i.o)
 *(vtable)
 *(.eh_frame*)
 *(.glue_7)
 .glue_7        0x0000000008005736        0x0 linker stubs
 *(.glue_7t)
 .glue_7t       0x0000000008005736        0x0 linker stubs

.vfp11_veneer   0x0000000008005738        0x0
 .vfp11_veneer  0x0000000008005738        0x0 linker stubs

.v4_bx          0x0000000008005738        0x0
 .v4_bx         0x0000000008005738        0x0 linker stubs

.iplt           0x0000000008005738        0x0
 .iplt          0x0000000008005738        0x0 FreeRTOS Source\portable\GCC\ARM_CM4F\port.o

.ARM.extab
 *(.ARM.extab* .gnu.linkonce.armextab.*)
                0x0000000008005738                . = ALIGN (0x4)
                0x0000000008005738                __exidx_start = .

.ARM.exidx      0x0000000008005738        0x8
 *(.ARM.exidx* .gnu.linkonce.armexidx.*)
 .ARM.exidx.text.__udivmoddi4
                0x0000000008005738        0x8 c:/users/user/appdata/roaming/xpacks/@xpack-dev-tools/arm-none-eabi-gcc/12.2.1-1.2.1/.content/bin/../lib/gcc/arm-none-eabi/12.2.1/thumb/v7e-m+fp/softfp\libgcc.a(_udivmoddi4.o)
                0x0000000008005740                __exidx_end = .

.rel.dyn        0x0000000008005740        0x0
 .rel.iplt      0x0000000008005740        0x0 FreeRTOS Source\portable\GCC\ARM_CM4F\port.o
                0x0000000008005740                . = ALIGN (0x4)
                0x0000000008005740                _etext = .
                0x0000000008005740                __etext = .

.data_CCMRAM    0x0000000010000000        0x0 load address 0x0000000008005740
 FILL mask 0xff
 *(.data.CCMRAM .data.CCMRAM.*)
                0x0000000010000000                . = ALIGN (0x4)
                0x0000000008005740                _sidata = LOADADDR (.data)

.data           0x0000000020000000       0xac load address 0x0000000008005740
 FILL mask 0xff
                0x0000000020000000                _sdata = .
                0x0000000020000000                __data_start__ = .
 *(.data_begin .data_begin.*)
 .data_begin    0x0000000020000000        0x4 system\src\newlib\startup.o
 *(.data .data.*)
 .data.uxCriticalNesting
                0x0000000020000004        0x4 FreeRTOS Source\portable\GCC\ARM_CM4F\port.o
 .data.upper_bound
                0x0000000020000008       0x18 src\main.o
                0x0000000020000008                upper_bound
 .data.lower_bound
                0x0000000020000020       0x18 src\main.o
                0x0000000020000020                lower_bound
 .data.i        0x0000000020000038        0x4 src\main.o
                0x0000000020000038                i
 .data.Time_Sender
                0x000000002000003c        0x4 src\main.o
                0x000000002000003c                Time_Sender
 .data.SystemCoreClock
                0x0000000020000040        0x4 system\src\cmsis\system_stm32f4xx.o
                0x0000000020000040                SystemCoreClock
 .data.uwTickFreq
                0x0000000020000044        0x1 system\src\stm32f4-hal\stm32f4xx_hal.o
                0x0000000020000044                uwTickFreq
 *fill*         0x0000000020000045        0x3 ff
 .data.uwTickPrio
                0x0000000020000048        0x4 system\src\stm32f4-hal\stm32f4xx_hal.o
                0x0000000020000048                uwTickPrio
 .data.__sglue  0x000000002000004c        0xc c:/users/user/appdata/roaming/xpacks/@xpack-dev-tools/arm-none-eabi-gcc/12.2.1-1.2.1/.content/bin/../lib/gcc/arm-none-eabi/12.2.1/../../../../arm-none-eabi/lib/thumb/v7e-m+fp/softfp\libg_nano.a(libc_a-findfp.o)
                0x000000002000004c                __sglue
 .data._impure_ptr
                0x0000000020000058        0x4 c:/users/user/appdata/roaming/xpacks/@xpack-dev-tools/arm-none-eabi-gcc/12.2.1-1.2.1/.content/bin/../lib/gcc/arm-none-eabi/12.2.1/../../../../arm-none-eabi/lib/thumb/v7e-m+fp/softfp\libg_nano.a(libc_a-impure.o)
                0x0000000020000058                _impure_ptr
 .data._impure_data
                0x000000002000005c       0x4c c:/users/user/appdata/roaming/xpacks/@xpack-dev-tools/arm-none-eabi-gcc/12.2.1-1.2.1/.content/bin/../lib/gcc/arm-none-eabi/12.2.1/../../../../arm-none-eabi/lib/thumb/v7e-m+fp/softfp\libg_nano.a(libc_a-impure.o)
                0x000000002000005c                _impure_data
 *(.data_end .data_end.*)
 .data_end      0x00000000200000a8        0x4 system\src\newlib\startup.o
                0x00000000200000ac                . = ALIGN (0x4)
                0x00000000200000ac                _edata = .
                0x00000000200000ac                __data_end__ = .

.igot.plt       0x00000000200000ac        0x0 load address 0x00000000080057ec
 .igot.plt      0x00000000200000ac        0x0 FreeRTOS Source\portable\GCC\ARM_CM4F\port.o

.bss_CCMRAM     0x0000000010000000        0x0
 *(.bss.CCMRAM .bss.CCMRAM.*)

.bss            0x00000000200000ac    0x130f8
                0x00000000200000ac                __bss_start__ = .
                0x00000000200000ac                _sbss = .
 *(.bss_begin .bss_begin.*)
 .bss_begin     0x00000000200000ac        0x4 system\src\newlib\startup.o
 *(.bss .bss.*)
 .bss.ulMaxPRIGROUPValue
                0x00000000200000b0        0x4 FreeRTOS Source\portable\GCC\ARM_CM4F\port.o
 .bss.ucMaxSysCallPriority
                0x00000000200000b4        0x1 FreeRTOS Source\portable\GCC\ARM_CM4F\port.o
 *fill*         0x00000000200000b5        0x3 
 .bss.xBlockAllocatedBit
                0x00000000200000b8        0x4 FreeRTOS Source\portable\MemMang\heap_4.o
 .bss.xMinimumEverFreeBytesRemaining
                0x00000000200000bc        0x4 FreeRTOS Source\portable\MemMang\heap_4.o
 .bss.xFreeBytesRemaining
                0x00000000200000c0        0x4 FreeRTOS Source\portable\MemMang\heap_4.o
 .bss.pxEnd     0x00000000200000c4        0x4 FreeRTOS Source\portable\MemMang\heap_4.o
 .bss.xStart    0x00000000200000c8        0x8 FreeRTOS Source\portable\MemMang\heap_4.o
 .bss.ucHeap    0x00000000200000d0    0x12c00 FreeRTOS Source\portable\MemMang\heap_4.o
 .bss.xQueueRegistry
                0x0000000020012cd0       0x40 FreeRTOS Source\queue.o
                0x0000000020012cd0                xQueueRegistry
 .bss.uxSchedulerSuspended
                0x0000000020012d10        0x4 FreeRTOS Source\tasks.o
 .bss.xIdleTaskHandle
                0x0000000020012d14        0x4 FreeRTOS Source\tasks.o
 .bss.xNextTaskUnblockTime
                0x0000000020012d18        0x4 FreeRTOS Source\tasks.o
 .bss.uxTaskNumber
                0x0000000020012d1c        0x4 FreeRTOS Source\tasks.o
 .bss.xNumOfOverflows
                0x0000000020012d20        0x4 FreeRTOS Source\tasks.o
 .bss.xYieldPending
                0x0000000020012d24        0x4 FreeRTOS Source\tasks.o
 .bss.uxPendedTicks
                0x0000000020012d28        0x4 FreeRTOS Source\tasks.o
 .bss.xSchedulerRunning
                0x0000000020012d2c        0x4 FreeRTOS Source\tasks.o
 .bss.uxTopReadyPriority
                0x0000000020012d30        0x4 FreeRTOS Source\tasks.o
 .bss.xTickCount
                0x0000000020012d34        0x4 FreeRTOS Source\tasks.o
 .bss.uxCurrentNumberOfTasks
                0x0000000020012d38        0x4 FreeRTOS Source\tasks.o
 .bss.xSuspendedTaskList
                0x0000000020012d3c       0x14 FreeRTOS Source\tasks.o
 .bss.uxDeletedTasksWaitingCleanUp
                0x0000000020012d50        0x4 FreeRTOS Source\tasks.o
 .bss.xTasksWaitingTermination
                0x0000000020012d54       0x14 FreeRTOS Source\tasks.o
 .bss.xPendingReadyList
                0x0000000020012d68       0x14 FreeRTOS Source\tasks.o
 .bss.pxOverflowDelayedTaskList
                0x0000000020012d7c        0x4 FreeRTOS Source\tasks.o
 .bss.pxDelayedTaskList
                0x0000000020012d80        0x4 FreeRTOS Source\tasks.o
 .bss.xDelayedTaskList2
                0x0000000020012d84       0x14 FreeRTOS Source\tasks.o
 .bss.xDelayedTaskList1
                0x0000000020012d98       0x14 FreeRTOS Source\tasks.o
 .bss.pxReadyTasksLists
                0x0000000020012dac       0x64 FreeRTOS Source\tasks.o
 .bss.pxCurrentTCB
                0x0000000020012e10        0x4 FreeRTOS Source\tasks.o
                0x0000000020012e10                pxCurrentTCB
 .bss.xLastTime.0
                0x0000000020012e14        0x4 FreeRTOS Source\timers.o
 .bss.xTimerTaskHandle
                0x0000000020012e18        0x4 FreeRTOS Source\timers.o
 .bss.xTimerQueue
                0x0000000020012e1c        0x4 FreeRTOS Source\timers.o
 .bss.pxOverflowTimerList
                0x0000000020012e20        0x4 FreeRTOS Source\timers.o
 .bss.pxCurrentTimerList
                0x0000000020012e24        0x4 FreeRTOS Source\timers.o
 .bss.xActiveTimerList2
                0x0000000020012e28       0x14 FreeRTOS Source\timers.o
 .bss.xActiveTimerList1
                0x0000000020012e3c       0x14 FreeRTOS Source\timers.o
 .bss.Receiver  0x0000000020012e50        0x4 src\main.o
                0x0000000020012e50                Receiver
 .bss.Sender_3  0x0000000020012e54        0x4 src\main.o
                0x0000000020012e54                Sender_3
 .bss.Sender_2  0x0000000020012e58        0x4 src\main.o
                0x0000000020012e58                Sender_2
 .bss.Sender_1  0x0000000020012e5c        0x4 src\main.o
                0x0000000020012e5c                Sender_1
 .bss.Queue     0x0000000020012e60        0x4 src\main.o
                0x0000000020012e60                Queue
 .bss.Counter_Timer_3
                0x0000000020012e64        0x4 src\main.o
                0x0000000020012e64                Counter_Timer_3
 .bss.Counter_Timer_2
                0x0000000020012e68        0x4 src\main.o
                0x0000000020012e68                Counter_Timer_2
 .bss.Counter_Timer_1
                0x0000000020012e6c        0x4 src\main.o
                0x0000000020012e6c                Counter_Timer_1
 .bss.Sum_Timer_3
                0x0000000020012e70        0x4 src\main.o
                0x0000000020012e70                Sum_Timer_3
 .bss.Sum_Timer_2
                0x0000000020012e74        0x4 src\main.o
                0x0000000020012e74                Sum_Timer_2
 .bss.Sum_Timer_1
                0x0000000020012e78        0x4 src\main.o
                0x0000000020012e78                Sum_Timer_1
 .bss.Number_of_Received_Messages
                0x0000000020012e7c        0x4 src\main.o
                0x0000000020012e7c                Number_of_Received_Messages
 .bss.Number_of_Sent_Messages
                0x0000000020012e80        0x4 src\main.o
                0x0000000020012e80                Number_of_Sent_Messages
 .bss.Number_of_Blocked_Messages
                0x0000000020012e84        0x4 src\main.o
                0x0000000020012e84                Number_of_Blocked_Messages
 .bss.xTimer4Started
                0x0000000020012e88        0x4 src\main.o
                0x0000000020012e88                xTimer4Started
 .bss.xTimer3Started
                0x0000000020012e8c        0x4 src\main.o
                0x0000000020012e8c                xTimer3Started
 .bss.xTimer2Started
                0x0000000020012e90        0x4 src\main.o
                0x0000000020012e90                xTimer2Started
 .bss.xTimer1Started
                0x0000000020012e94        0x4 src\main.o
                0x0000000020012e94                xTimer1Started
 .bss.xTimer4   0x0000000020012e98        0x4 src\main.o
 .bss.xTimer3   0x0000000020012e9c        0x4 src\main.o
 .bss.xTimer2   0x0000000020012ea0        0x4 src\main.o
 .bss.xTimer1   0x0000000020012ea4        0x4 src\main.o
 .bss.buf.0     0x0000000020012ea8       0x80 system\src\diag\trace.o
 .bss.current_heap_end.0
                0x0000000020012f28        0x4 system\src\newlib\sbrk.o
 .bss.argv_buf.0
                0x0000000020012f2c       0x28 system\src\newlib\syscalls.o
 .bss.args_buf.1
                0x0000000020012f54       0x50 system\src\newlib\syscalls.o
 .bss.monitor_stderr
                0x0000000020012fa4        0x4 system\src\newlib\syscalls.o
 .bss.monitor_stdout
                0x0000000020012fa8        0x4 system\src\newlib\syscalls.o
 .bss.monitor_stdin
                0x0000000020012fac        0x4 system\src\newlib\syscalls.o
 .bss.openfiles
                0x0000000020012fb0       0xa0 system\src\newlib\syscalls.o
 .bss.errno     0x0000000020013050        0x4 system\src\newlib\syscalls.o
                0x0000000020013050                errno
 .bss.uwTick    0x0000000020013054        0x4 system\src\stm32f4-hal\stm32f4xx_hal.o
                0x0000000020013054                uwTick
 .bss.__sf      0x0000000020013058      0x138 c:/users/user/appdata/roaming/xpacks/@xpack-dev-tools/arm-none-eabi-gcc/12.2.1-1.2.1/.content/bin/../lib/gcc/arm-none-eabi/12.2.1/../../../../arm-none-eabi/lib/thumb/v7e-m+fp/softfp\libg_nano.a(libc_a-findfp.o)
                0x0000000020013058                __sf
 .bss.__stdio_exit_handler
                0x0000000020013190        0x4 c:/users/user/appdata/roaming/xpacks/@xpack-dev-tools/arm-none-eabi-gcc/12.2.1-1.2.1/.content/bin/../lib/gcc/arm-none-eabi/12.2.1/../../../../arm-none-eabi/lib/thumb/v7e-m+fp/softfp\libg_nano.a(libc_a-findfp.o)
                0x0000000020013190                __stdio_exit_handler
 .bss.__lock___malloc_recursive_mutex
                0x0000000020013194        0x1 c:/users/user/appdata/roaming/xpacks/@xpack-dev-tools/arm-none-eabi-gcc/12.2.1-1.2.1/.content/bin/../lib/gcc/arm-none-eabi/12.2.1/../../../../arm-none-eabi/lib/thumb/v7e-m+fp/softfp\libg_nano.a(libc_a-lock.o)
                0x0000000020013194                __lock___malloc_recursive_mutex
 .bss.__lock___sfp_recursive_mutex
                0x0000000020013195        0x1 c:/users/user/appdata/roaming/xpacks/@xpack-dev-tools/arm-none-eabi-gcc/12.2.1-1.2.1/.content/bin/../lib/gcc/arm-none-eabi/12.2.1/../../../../arm-none-eabi/lib/thumb/v7e-m+fp/softfp\libg_nano.a(libc_a-lock.o)
                0x0000000020013195                __lock___sfp_recursive_mutex
 *fill*         0x0000000020013196        0x2 
 .bss.__malloc_sbrk_start
                0x0000000020013198        0x4 c:/users/user/appdata/roaming/xpacks/@xpack-dev-tools/arm-none-eabi-gcc/12.2.1-1.2.1/.content/bin/../lib/gcc/arm-none-eabi/12.2.1/../../../../arm-none-eabi/lib/thumb/v7e-m+fp/softfp\libg_nano.a(libc_a-mallocr.o)
                0x0000000020013198                __malloc_sbrk_start
 .bss.__malloc_free_list
                0x000000002001319c        0x4 c:/users/user/appdata/roaming/xpacks/@xpack-dev-tools/arm-none-eabi-gcc/12.2.1-1.2.1/.content/bin/../lib/gcc/arm-none-eabi/12.2.1/../../../../arm-none-eabi/lib/thumb/v7e-m+fp/softfp\libg_nano.a(libc_a-mallocr.o)
                0x000000002001319c                __malloc_free_list
 *(COMMON)
 *(.bss_end .bss_end.*)
 .bss_end       0x00000000200131a0        0x4 system\src\newlib\startup.o
                0x00000000200131a4                . = ALIGN (0x4)
                0x00000000200131a4                __bss_end__ = .
                0x00000000200131a4                _ebss = .

.noinit_CCMRAM
 *(.noinit.CCMRAM .noinit.CCMRAM.*)

.noinit         0x00000000200131a4        0x0
                0x00000000200131a4                _noinit = .
 *(.noinit .noinit.*)
                0x00000000200131a4                . = ALIGN (0x4)
                0x00000000200131a4                _end_noinit = .
                [!provide]                        PROVIDE (end = _end_noinit)
                [!provide]                        PROVIDE (_end = _end_noinit)
                [!provide]                        PROVIDE (__end = _end_noinit)
                [!provide]                        PROVIDE (__end__ = _end_noinit)

._check_stack   0x00000000200131a4      0x100
                0x00000000200132a4                . = (. + _Minimum_Stack_Size)
 *fill*         0x00000000200131a4      0x100 

.b1text
 *(.b1text)
 *(.b1rodata)
 *(.b1rodata.*)

.eb0text
 *(.eb0text)
 *(.eb0rodata)
 *(.eb0rodata.*)

.eb1text
 *(.eb1text)
 *(.eb1rodata)
 *(.eb1rodata.*)

.eb2text
 *(.eb2text)
 *(.eb2rodata)
 *(.eb2rodata.*)

.eb3text
 *(.eb3text)
 *(.eb3rodata)
 *(.eb3rodata.*)

.stab
 *(.stab)

.stabstr
 *(.stabstr)

.stab.excl
 *(.stab.excl)

.stab.exclstr
 *(.stab.exclstr)

.stab.index
 *(.stab.index)

.stab.indexstr
 *(.stab.indexstr)

.comment        0x0000000000000000       0x39
 *(.comment)
 .comment       0x0000000000000000       0x39 FreeRTOS Source\list.o
                                         0x3a (size before relaxing)
 .comment       0x0000000000000039       0x3a FreeRTOS Source\portable\GCC\ARM_CM4F\port.o
 .comment       0x0000000000000039       0x3a FreeRTOS Source\portable\MemMang\heap_4.o
 .comment       0x0000000000000039       0x3a FreeRTOS Source\queue.o
 .comment       0x0000000000000039       0x3a FreeRTOS Source\tasks.o
 .comment       0x0000000000000039       0x3a FreeRTOS Source\timers.o
 .comment       0x0000000000000039       0x3a src\initialize-hardware.o
 .comment       0x0000000000000039       0x3a src\main.o
 .comment       0x0000000000000039       0x3a src\stm32f4xx_hal_msp.o
 .comment       0x0000000000000039       0x3a system\src\cmsis\system_stm32f4xx.o
 .comment       0x0000000000000039       0x3a system\src\cmsis\vectors_stm32f407xx.o
 .comment       0x0000000000000039       0x3a system\src\cortexm\exception-handlers.o
 .comment       0x0000000000000039       0x3a system\src\cortexm\initialize-hardware.o
 .comment       0x0000000000000039       0x3a system\src\diag\trace-impl.o
 .comment       0x0000000000000039       0x3a system\src\diag\trace.o
 .comment       0x0000000000000039       0x3a system\src\newlib\assert.o
 .comment       0x0000000000000039       0x3a system\src\newlib\exit.o
 .comment       0x0000000000000039       0x3a system\src\newlib\sbrk.o
 .comment       0x0000000000000039       0x3a system\src\newlib\startup.o
 .comment       0x0000000000000039       0x3a system\src\newlib\syscalls.o
 .comment       0x0000000000000039       0x3a system\src\stm32f4-hal\stm32f4xx_hal.o
 .comment       0x0000000000000039       0x3a system\src\stm32f4-hal\stm32f4xx_hal_cortex.o
 .comment       0x0000000000000039       0x3a system\src\stm32f4-hal\stm32f4xx_hal_rcc.o
 .comment       0x0000000000000039       0x3a c:/users/user/appdata/roaming/xpacks/@xpack-dev-tools/arm-none-eabi-gcc/12.2.1-1.2.1/.content/bin/../lib/gcc/arm-none-eabi/12.2.1/thumb/v7e-m+fp/softfp\libgcc.a(_udivmoddi4.o)
 .comment       0x0000000000000039       0x3a c:/users/user/appdata/roaming/xpacks/@xpack-dev-tools/arm-none-eabi-gcc/12.2.1-1.2.1/.content/bin/../lib/gcc/arm-none-eabi/12.2.1/../../../../arm-none-eabi/lib/thumb/v7e-m+fp/softfp\libg_nano.a(libc_a-rand.o)
 .comment       0x0000000000000039       0x3a c:/users/user/appdata/roaming/xpacks/@xpack-dev-tools/arm-none-eabi-gcc/12.2.1-1.2.1/.content/bin/../lib/gcc/arm-none-eabi/12.2.1/../../../../arm-none-eabi/lib/thumb/v7e-m+fp/softfp\libg_nano.a(libc_a-ctype_.o)
 .comment       0x0000000000000039       0x3a c:/users/user/appdata/roaming/xpacks/@xpack-dev-tools/arm-none-eabi-gcc/12.2.1-1.2.1/.content/bin/../lib/gcc/arm-none-eabi/12.2.1/../../../../arm-none-eabi/lib/thumb/v7e-m+fp/softfp\libg_nano.a(libc_a-findfp.o)
 .comment       0x0000000000000039       0x3a c:/users/user/appdata/roaming/xpacks/@xpack-dev-tools/arm-none-eabi-gcc/12.2.1-1.2.1/.content/bin/../lib/gcc/arm-none-eabi/12.2.1/../../../../arm-none-eabi/lib/thumb/v7e-m+fp/softfp\libg_nano.a(libc_a-fwalk.o)
 .comment       0x0000000000000039       0x3a c:/users/user/appdata/roaming/xpacks/@xpack-dev-tools/arm-none-eabi-gcc/12.2.1-1.2.1/.content/bin/../lib/gcc/arm-none-eabi/12.2.1/../../../../arm-none-eabi/lib/thumb/v7e-m+fp/softfp\libg_nano.a(libc_a-printf.o)
 .comment       0x0000000000000039       0x3a c:/users/user/appdata/roaming/xpacks/@xpack-dev-tools/arm-none-eabi-gcc/12.2.1-1.2.1/.content/bin/../lib/gcc/arm-none-eabi/12.2.1/../../../../arm-none-eabi/lib/thumb/v7e-m+fp/softfp\libg_nano.a(libc_a-puts.o)
 .comment       0x0000000000000039       0x3a c:/users/user/appdata/roaming/xpacks/@xpack-dev-tools/arm-none-eabi-gcc/12.2.1-1.2.1/.content/bin/../lib/gcc/arm-none-eabi/12.2.1/../../../../arm-none-eabi/lib/thumb/v7e-m+fp/softfp\libg_nano.a(libc_a-sprintf.o)
 .comment       0x0000000000000039       0x3a c:/users/user/appdata/roaming/xpacks/@xpack-dev-tools/arm-none-eabi-gcc/12.2.1-1.2.1/.content/bin/../lib/gcc/arm-none-eabi/12.2.1/../../../../arm-none-eabi/lib/thumb/v7e-m+fp/softfp\libg_nano.a(libc_a-stdio.o)
 .comment       0x0000000000000039       0x3a c:/users/user/appdata/roaming/xpacks/@xpack-dev-tools/arm-none-eabi-gcc/12.2.1-1.2.1/.content/bin/../lib/gcc/arm-none-eabi/12.2.1/../../../../arm-none-eabi/lib/thumb/v7e-m+fp/softfp\libg_nano.a(libc_a-vsnprintf.o)
 .comment       0x0000000000000039       0x3a c:/users/user/appdata/roaming/xpacks/@xpack-dev-tools/arm-none-eabi-gcc/12.2.1-1.2.1/.content/bin/../lib/gcc/arm-none-eabi/12.2.1/../../../../arm-none-eabi/lib/thumb/v7e-m+fp/softfp\libg_nano.a(libc_a-wbuf.o)
 .comment       0x0000000000000039       0x3a c:/users/user/appdata/roaming/xpacks/@xpack-dev-tools/arm-none-eabi-gcc/12.2.1-1.2.1/.content/bin/../lib/gcc/arm-none-eabi/12.2.1/../../../../arm-none-eabi/lib/thumb/v7e-m+fp/softfp\libg_nano.a(libc_a-wsetup.o)
 .comment       0x0000000000000039       0x3a c:/users/user/appdata/roaming/xpacks/@xpack-dev-tools/arm-none-eabi-gcc/12.2.1-1.2.1/.content/bin/../lib/gcc/arm-none-eabi/12.2.1/../../../../arm-none-eabi/lib/thumb/v7e-m+fp/softfp\libg_nano.a(libc_a-memset.o)
 .comment       0x0000000000000039       0x3a c:/users/user/appdata/roaming/xpacks/@xpack-dev-tools/arm-none-eabi-gcc/12.2.1-1.2.1/.content/bin/../lib/gcc/arm-none-eabi/12.2.1/../../../../arm-none-eabi/lib/thumb/v7e-m+fp/softfp\libg_nano.a(libc_a-closer.o)
 .comment       0x0000000000000039       0x3a c:/users/user/appdata/roaming/xpacks/@xpack-dev-tools/arm-none-eabi-gcc/12.2.1-1.2.1/.content/bin/../lib/gcc/arm-none-eabi/12.2.1/../../../../arm-none-eabi/lib/thumb/v7e-m+fp/softfp\libg_nano.a(libc_a-impure.o)
 .comment       0x0000000000000039       0x3a c:/users/user/appdata/roaming/xpacks/@xpack-dev-tools/arm-none-eabi-gcc/12.2.1-1.2.1/.content/bin/../lib/gcc/arm-none-eabi/12.2.1/../../../../arm-none-eabi/lib/thumb/v7e-m+fp/softfp\libg_nano.a(libc_a-lseekr.o)
 .comment       0x0000000000000039       0x3a c:/users/user/appdata/roaming/xpacks/@xpack-dev-tools/arm-none-eabi-gcc/12.2.1-1.2.1/.content/bin/../lib/gcc/arm-none-eabi/12.2.1/../../../../arm-none-eabi/lib/thumb/v7e-m+fp/softfp\libg_nano.a(libc_a-readr.o)
 .comment       0x0000000000000039       0x3a c:/users/user/appdata/roaming/xpacks/@xpack-dev-tools/arm-none-eabi-gcc/12.2.1-1.2.1/.content/bin/../lib/gcc/arm-none-eabi/12.2.1/../../../../arm-none-eabi/lib/thumb/v7e-m+fp/softfp\libg_nano.a(libc_a-writer.o)
 .comment       0x0000000000000039       0x3a c:/users/user/appdata/roaming/xpacks/@xpack-dev-tools/arm-none-eabi-gcc/12.2.1-1.2.1/.content/bin/../lib/gcc/arm-none-eabi/12.2.1/../../../../arm-none-eabi/lib/thumb/v7e-m+fp/softfp\libg_nano.a(libc_a-errno.o)
 .comment       0x0000000000000039       0x3a c:/users/user/appdata/roaming/xpacks/@xpack-dev-tools/arm-none-eabi-gcc/12.2.1-1.2.1/.content/bin/../lib/gcc/arm-none-eabi/12.2.1/../../../../arm-none-eabi/lib/thumb/v7e-m+fp/softfp\libg_nano.a(libc_a-lock.o)
 .comment       0x0000000000000039       0x3a c:/users/user/appdata/roaming/xpacks/@xpack-dev-tools/arm-none-eabi-gcc/12.2.1-1.2.1/.content/bin/../lib/gcc/arm-none-eabi/12.2.1/../../../../arm-none-eabi/lib/thumb/v7e-m+fp/softfp\libg_nano.a(libc_a-memcpy-stub.o)
 .comment       0x0000000000000039       0x3a c:/users/user/appdata/roaming/xpacks/@xpack-dev-tools/arm-none-eabi-gcc/12.2.1-1.2.1/.content/bin/../lib/gcc/arm-none-eabi/12.2.1/../../../../arm-none-eabi/lib/thumb/v7e-m+fp/softfp\libg_nano.a(libc_a-freer.o)
 .comment       0x0000000000000039       0x3a c:/users/user/appdata/roaming/xpacks/@xpack-dev-tools/arm-none-eabi-gcc/12.2.1-1.2.1/.content/bin/../lib/gcc/arm-none-eabi/12.2.1/../../../../arm-none-eabi/lib/thumb/v7e-m+fp/softfp\libg_nano.a(libc_a-malloc.o)
 .comment       0x0000000000000039       0x3a c:/users/user/appdata/roaming/xpacks/@xpack-dev-tools/arm-none-eabi-gcc/12.2.1-1.2.1/.content/bin/../lib/gcc/arm-none-eabi/12.2.1/../../../../arm-none-eabi/lib/thumb/v7e-m+fp/softfp\libg_nano.a(libc_a-mallocr.o)
 .comment       0x0000000000000039       0x3a c:/users/user/appdata/roaming/xpacks/@xpack-dev-tools/arm-none-eabi-gcc/12.2.1-1.2.1/.content/bin/../lib/gcc/arm-none-eabi/12.2.1/../../../../arm-none-eabi/lib/thumb/v7e-m+fp/softfp\libg_nano.a(libc_a-mlock.o)
 .comment       0x0000000000000039       0x3a c:/users/user/appdata/roaming/xpacks/@xpack-dev-tools/arm-none-eabi-gcc/12.2.1-1.2.1/.content/bin/../lib/gcc/arm-none-eabi/12.2.1/../../../../arm-none-eabi/lib/thumb/v7e-m+fp/softfp\libg_nano.a(libc_a-nano-svfprintf.o)
 .comment       0x0000000000000039       0x3a c:/users/user/appdata/roaming/xpacks/@xpack-dev-tools/arm-none-eabi-gcc/12.2.1-1.2.1/.content/bin/../lib/gcc/arm-none-eabi/12.2.1/../../../../arm-none-eabi/lib/thumb/v7e-m+fp/softfp\libg_nano.a(libc_a-nano-vfprintf.o)
 .comment       0x0000000000000039       0x3a c:/users/user/appdata/roaming/xpacks/@xpack-dev-tools/arm-none-eabi-gcc/12.2.1-1.2.1/.content/bin/../lib/gcc/arm-none-eabi/12.2.1/../../../../arm-none-eabi/lib/thumb/v7e-m+fp/softfp\libg_nano.a(libc_a-nano-vfprintf_i.o)
 .comment       0x0000000000000039       0x3a c:/users/user/appdata/roaming/xpacks/@xpack-dev-tools/arm-none-eabi-gcc/12.2.1-1.2.1/.content/bin/../lib/gcc/arm-none-eabi/12.2.1/../../../../arm-none-eabi/lib/thumb/v7e-m+fp/softfp\libg_nano.a(libc_a-fflush.o)
 .comment       0x0000000000000039       0x3a c:/users/user/appdata/roaming/xpacks/@xpack-dev-tools/arm-none-eabi-gcc/12.2.1-1.2.1/.content/bin/../lib/gcc/arm-none-eabi/12.2.1/../../../../arm-none-eabi/lib/thumb/v7e-m+fp/softfp\libg_nano.a(libc_a-makebuf.o)
 .comment       0x0000000000000039       0x3a c:/users/user/appdata/roaming/xpacks/@xpack-dev-tools/arm-none-eabi-gcc/12.2.1-1.2.1/.content/bin/../lib/gcc/arm-none-eabi/12.2.1/../../../../arm-none-eabi/lib/thumb/v7e-m+fp/softfp\libg_nano.a(libc_a-memmove.o)
 .comment       0x0000000000000039       0x3a c:/users/user/appdata/roaming/xpacks/@xpack-dev-tools/arm-none-eabi-gcc/12.2.1-1.2.1/.content/bin/../lib/gcc/arm-none-eabi/12.2.1/../../../../arm-none-eabi/lib/thumb/v7e-m+fp/softfp\libg_nano.a(libc_a-fstatr.o)
 .comment       0x0000000000000039       0x3a c:/users/user/appdata/roaming/xpacks/@xpack-dev-tools/arm-none-eabi-gcc/12.2.1-1.2.1/.content/bin/../lib/gcc/arm-none-eabi/12.2.1/../../../../arm-none-eabi/lib/thumb/v7e-m+fp/softfp\libg_nano.a(libc_a-isattyr.o)
 .comment       0x0000000000000039       0x3a c:/users/user/appdata/roaming/xpacks/@xpack-dev-tools/arm-none-eabi-gcc/12.2.1-1.2.1/.content/bin/../lib/gcc/arm-none-eabi/12.2.1/../../../../arm-none-eabi/lib/thumb/v7e-m+fp/softfp\libg_nano.a(libc_a-sbrkr.o)
 .comment       0x0000000000000039       0x3a c:/users/user/appdata/roaming/xpacks/@xpack-dev-tools/arm-none-eabi-gcc/12.2.1-1.2.1/.content/bin/../lib/gcc/arm-none-eabi/12.2.1/../../../../arm-none-eabi/lib/thumb/v7e-m+fp/softfp\libg_nano.a(libc_a-reallocr.o)
 .comment       0x0000000000000039       0x3a c:/users/user/appdata/roaming/xpacks/@xpack-dev-tools/arm-none-eabi-gcc/12.2.1-1.2.1/.content/bin/../lib/gcc/arm-none-eabi/12.2.1/../../../../arm-none-eabi/lib/thumb/v7e-m+fp/softfp\libg_nano.a(libc_a-msizer.o)

.ARM.attributes
                0x0000000000000000       0x30
 .ARM.attributes
                0x0000000000000000       0x32 FreeRTOS Source\list.o
 .ARM.attributes
                0x0000000000000032       0x32 FreeRTOS Source\portable\GCC\ARM_CM4F\port.o
 .ARM.attributes
                0x0000000000000064       0x32 FreeRTOS Source\portable\MemMang\heap_4.o
 .ARM.attributes
                0x0000000000000096       0x32 FreeRTOS Source\queue.o
 .ARM.attributes
                0x00000000000000c8       0x32 FreeRTOS Source\tasks.o
 .ARM.attributes
                0x00000000000000fa       0x32 FreeRTOS Source\timers.o
 .ARM.attributes
                0x000000000000012c       0x32 src\initialize-hardware.o
 .ARM.attributes
                0x000000000000015e       0x32 src\main.o
 .ARM.attributes
                0x0000000000000190       0x32 src\stm32f4xx_hal_msp.o
 .ARM.attributes
                0x00000000000001c2       0x32 system\src\cmsis\system_stm32f4xx.o
 .ARM.attributes
                0x00000000000001f4       0x32 system\src\cmsis\vectors_stm32f407xx.o
 .ARM.attributes
                0x0000000000000226       0x32 system\src\cortexm\exception-handlers.o
 .ARM.attributes
                0x0000000000000258       0x32 system\src\cortexm\initialize-hardware.o
 .ARM.attributes
                0x000000000000028a       0x32 system\src\diag\trace-impl.o
 .ARM.attributes
                0x00000000000002bc       0x32 system\src\diag\trace.o
 .ARM.attributes
                0x00000000000002ee       0x32 system\src\newlib\assert.o
 .ARM.attributes
                0x0000000000000320       0x32 system\src\newlib\exit.o
 .ARM.attributes
                0x0000000000000352       0x32 system\src\newlib\sbrk.o
 .ARM.attributes
                0x0000000000000384       0x32 system\src\newlib\startup.o
 .ARM.attributes
                0x00000000000003b6       0x32 system\src\newlib\syscalls.o
 .ARM.attributes
                0x00000000000003e8       0x32 system\src\stm32f4-hal\stm32f4xx_hal.o
 .ARM.attributes
                0x000000000000041a       0x32 system\src\stm32f4-hal\stm32f4xx_hal_cortex.o
 .ARM.attributes
                0x000000000000044c       0x32 system\src\stm32f4-hal\stm32f4xx_hal_rcc.o
 .ARM.attributes
                0x000000000000047e       0x22 c:/users/user/appdata/roaming/xpacks/@xpack-dev-tools/arm-none-eabi-gcc/12.2.1-1.2.1/.content/bin/../lib/gcc/arm-none-eabi/12.2.1/thumb/v7e-m+fp/softfp\libgcc.a(_aeabi_uldivmod.o)
 .ARM.attributes
                0x00000000000004a0       0x32 c:/users/user/appdata/roaming/xpacks/@xpack-dev-tools/arm-none-eabi-gcc/12.2.1-1.2.1/.content/bin/../lib/gcc/arm-none-eabi/12.2.1/thumb/v7e-m+fp/softfp\libgcc.a(_udivmoddi4.o)
 .ARM.attributes
                0x00000000000004d2       0x22 c:/users/user/appdata/roaming/xpacks/@xpack-dev-tools/arm-none-eabi-gcc/12.2.1-1.2.1/.content/bin/../lib/gcc/arm-none-eabi/12.2.1/thumb/v7e-m+fp/softfp\libgcc.a(_dvmd_tls.o)
 .ARM.attributes
                0x00000000000004f4       0x32 c:/users/user/appdata/roaming/xpacks/@xpack-dev-tools/arm-none-eabi-gcc/12.2.1-1.2.1/.content/bin/../lib/gcc/arm-none-eabi/12.2.1/../../../../arm-none-eabi/lib/thumb/v7e-m+fp/softfp\libg_nano.a(libc_a-rand.o)
 .ARM.attributes
                0x0000000000000526       0x32 c:/users/user/appdata/roaming/xpacks/@xpack-dev-tools/arm-none-eabi-gcc/12.2.1-1.2.1/.content/bin/../lib/gcc/arm-none-eabi/12.2.1/../../../../arm-none-eabi/lib/thumb/v7e-m+fp/softfp\libg_nano.a(libc_a-ctype_.o)
 .ARM.attributes
                0x0000000000000558       0x32 c:/users/user/appdata/roaming/xpacks/@xpack-dev-tools/arm-none-eabi-gcc/12.2.1-1.2.1/.content/bin/../lib/gcc/arm-none-eabi/12.2.1/../../../../arm-none-eabi/lib/thumb/v7e-m+fp/softfp\libg_nano.a(libc_a-findfp.o)
 .ARM.attributes
                0x000000000000058a       0x32 c:/users/user/appdata/roaming/xpacks/@xpack-dev-tools/arm-none-eabi-gcc/12.2.1-1.2.1/.content/bin/../lib/gcc/arm-none-eabi/12.2.1/../../../../arm-none-eabi/lib/thumb/v7e-m+fp/softfp\libg_nano.a(libc_a-fwalk.o)
 .ARM.attributes
                0x00000000000005bc       0x32 c:/users/user/appdata/roaming/xpacks/@xpack-dev-tools/arm-none-eabi-gcc/12.2.1-1.2.1/.content/bin/../lib/gcc/arm-none-eabi/12.2.1/../../../../arm-none-eabi/lib/thumb/v7e-m+fp/softfp\libg_nano.a(libc_a-printf.o)
 .ARM.attributes
                0x00000000000005ee       0x32 c:/users/user/appdata/roaming/xpacks/@xpack-dev-tools/arm-none-eabi-gcc/12.2.1-1.2.1/.content/bin/../lib/gcc/arm-none-eabi/12.2.1/../../../../arm-none-eabi/lib/thumb/v7e-m+fp/softfp\libg_nano.a(libc_a-puts.o)
 .ARM.attributes
                0x0000000000000620       0x32 c:/users/user/appdata/roaming/xpacks/@xpack-dev-tools/arm-none-eabi-gcc/12.2.1-1.2.1/.content/bin/../lib/gcc/arm-none-eabi/12.2.1/../../../../arm-none-eabi/lib/thumb/v7e-m+fp/softfp\libg_nano.a(libc_a-sprintf.o)
 .ARM.attributes
                0x0000000000000652       0x32 c:/users/user/appdata/roaming/xpacks/@xpack-dev-tools/arm-none-eabi-gcc/12.2.1-1.2.1/.content/bin/../lib/gcc/arm-none-eabi/12.2.1/../../../../arm-none-eabi/lib/thumb/v7e-m+fp/softfp\libg_nano.a(libc_a-stdio.o)
 .ARM.attributes
                0x0000000000000684       0x32 c:/users/user/appdata/roaming/xpacks/@xpack-dev-tools/arm-none-eabi-gcc/12.2.1-1.2.1/.content/bin/../lib/gcc/arm-none-eabi/12.2.1/../../../../arm-none-eabi/lib/thumb/v7e-m+fp/softfp\libg_nano.a(libc_a-vsnprintf.o)
 .ARM.attributes
                0x00000000000006b6       0x32 c:/users/user/appdata/roaming/xpacks/@xpack-dev-tools/arm-none-eabi-gcc/12.2.1-1.2.1/.content/bin/../lib/gcc/arm-none-eabi/12.2.1/../../../../arm-none-eabi/lib/thumb/v7e-m+fp/softfp\libg_nano.a(libc_a-wbuf.o)
 .ARM.attributes
                0x00000000000006e8       0x32 c:/users/user/appdata/roaming/xpacks/@xpack-dev-tools/arm-none-eabi-gcc/12.2.1-1.2.1/.content/bin/../lib/gcc/arm-none-eabi/12.2.1/../../../../arm-none-eabi/lib/thumb/v7e-m+fp/softfp\libg_nano.a(libc_a-wsetup.o)
 .ARM.attributes
                0x000000000000071a       0x32 c:/users/user/appdata/roaming/xpacks/@xpack-dev-tools/arm-none-eabi-gcc/12.2.1-1.2.1/.content/bin/../lib/gcc/arm-none-eabi/12.2.1/../../../../arm-none-eabi/lib/thumb/v7e-m+fp/softfp\libg_nano.a(libc_a-memset.o)
 .ARM.attributes
                0x000000000000074c       0x32 c:/users/user/appdata/roaming/xpacks/@xpack-dev-tools/arm-none-eabi-gcc/12.2.1-1.2.1/.content/bin/../lib/gcc/arm-none-eabi/12.2.1/../../../../arm-none-eabi/lib/thumb/v7e-m+fp/softfp\libg_nano.a(libc_a-closer.o)
 .ARM.attributes
                0x000000000000077e       0x32 c:/users/user/appdata/roaming/xpacks/@xpack-dev-tools/arm-none-eabi-gcc/12.2.1-1.2.1/.content/bin/../lib/gcc/arm-none-eabi/12.2.1/../../../../arm-none-eabi/lib/thumb/v7e-m+fp/softfp\libg_nano.a(libc_a-impure.o)
 .ARM.attributes
                0x00000000000007b0       0x32 c:/users/user/appdata/roaming/xpacks/@xpack-dev-tools/arm-none-eabi-gcc/12.2.1-1.2.1/.content/bin/../lib/gcc/arm-none-eabi/12.2.1/../../../../arm-none-eabi/lib/thumb/v7e-m+fp/softfp\libg_nano.a(libc_a-lseekr.o)
 .ARM.attributes
                0x00000000000007e2       0x32 c:/users/user/appdata/roaming/xpacks/@xpack-dev-tools/arm-none-eabi-gcc/12.2.1-1.2.1/.content/bin/../lib/gcc/arm-none-eabi/12.2.1/../../../../arm-none-eabi/lib/thumb/v7e-m+fp/softfp\libg_nano.a(libc_a-readr.o)
 .ARM.attributes
                0x0000000000000814       0x32 c:/users/user/appdata/roaming/xpacks/@xpack-dev-tools/arm-none-eabi-gcc/12.2.1-1.2.1/.content/bin/../lib/gcc/arm-none-eabi/12.2.1/../../../../arm-none-eabi/lib/thumb/v7e-m+fp/softfp\libg_nano.a(libc_a-writer.o)
 .ARM.attributes
                0x0000000000000846       0x32 c:/users/user/appdata/roaming/xpacks/@xpack-dev-tools/arm-none-eabi-gcc/12.2.1-1.2.1/.content/bin/../lib/gcc/arm-none-eabi/12.2.1/../../../../arm-none-eabi/lib/thumb/v7e-m+fp/softfp\libg_nano.a(libc_a-errno.o)
 .ARM.attributes
                0x0000000000000878       0x32 c:/users/user/appdata/roaming/xpacks/@xpack-dev-tools/arm-none-eabi-gcc/12.2.1-1.2.1/.content/bin/../lib/gcc/arm-none-eabi/12.2.1/../../../../arm-none-eabi/lib/thumb/v7e-m+fp/softfp\libg_nano.a(libc_a-lock.o)
 .ARM.attributes
                0x00000000000008aa       0x20 c:/users/user/appdata/roaming/xpacks/@xpack-dev-tools/arm-none-eabi-gcc/12.2.1-1.2.1/.content/bin/../lib/gcc/arm-none-eabi/12.2.1/../../../../arm-none-eabi/lib/thumb/v7e-m+fp/softfp\libg_nano.a(libc_a-strcmp.o)
 .ARM.attributes
                0x00000000000008ca       0x32 c:/users/user/appdata/roaming/xpacks/@xpack-dev-tools/arm-none-eabi-gcc/12.2.1-1.2.1/.content/bin/../lib/gcc/arm-none-eabi/12.2.1/../../../../arm-none-eabi/lib/thumb/v7e-m+fp/softfp\libg_nano.a(libc_a-memcpy-stub.o)